 tbb

 Timestamp is 5e74ce9a (Fri Mar 20 10:09:30 2020)

 Preferred load address is 0000000180000000

 Start         Length     Name                   Class
 0001:00000000 000000e0H .text$di                CODE
 0001:000000e0 00039740H .text$mn                CODE
 0001:00039820 00000020H .text$mn$00             CODE
 0001:00039840 00000f80H .text$x                 CODE
 0001:0003a7c0 0000000cH .text$yd                CODE
 0002:00000000 00000318H .idata$5                DATA
 0002:00000318 00000010H .00cfg                  DATA
 0002:00000328 00000008H .CRT$XCA                DATA
 0002:00000330 00000010H .CRT$XCU                DATA
 0002:00000340 00000008H .CRT$XCZ                DATA
 0002:00000348 00000008H .CRT$XIA                DATA
 0002:00000350 00000020H .CRT$XIC                DATA
 0002:00000370 00000008H .CRT$XIZ                DATA
 0002:00000378 00000008H .CRT$XPA                DATA
 0002:00000380 00000010H .CRT$XPX                DATA
 0002:00000390 00000008H .CRT$XPXA               DATA
 0002:00000398 00000008H .CRT$XPZ                DATA
 0002:000003a0 00000008H .CRT$XTA                DATA
 0002:000003a8 00000008H .CRT$XTZ                DATA
 0002:000003b0 00000000H .gfids$y                DATA
 0002:000003b0 0000d520H .rdata                  DATA
 0002:0000d8d0 000021acH .rdata$r                DATA
 0002:0000fa7c 0000038cH .rdata$zzzdbg           DATA
 0002:0000fe08 00000008H .rtc$IAA                DATA
 0002:0000fe10 00000008H .rtc$IZZ                DATA
 0002:0000fe18 00000008H .rtc$TAA                DATA
 0002:0000fe20 00000010H .rtc$TZZ                DATA
 0002:0000fe30 000044e0H .xdata                  DATA
 0002:00014310 00000720H .xdata$x                DATA
 0002:00014a30 0000414cH .edata                  DATA
 0002:00018b7c 00000014H .idata$2                DATA
 0002:00018b90 00000018H .idata$3                DATA
 0002:00018ba8 00000318H .idata$4                DATA
 0002:00018ec0 00000756H .idata$6                DATA
 0003:00000000 00002ec0H .data                   DATA
 0003:00002ec0 00000d80H .data$r                 DATA
 0003:00003c40 00002c7cH .bss                    DATA
 0004:00000000 00004068H .pdata                  DATA
 0005:00000000 000000a0H .rsrc$01                DATA
 0005:000000a0 00000560H .rsrc$02                DATA

  Address         Publics by Value              Rva+Base               Lib:Object

 0000:00000000       __guard_longjmp_count      0000000000000000     <absolute>
 0000:00000000       __hybrid_code_map_count    0000000000000000     <absolute>
 0000:00000000       __guard_longjmp_table      0000000000000000     <absolute>
 0000:00000000       __guard_iat_table          0000000000000000     <absolute>
 0000:00000000       __hybrid_code_map          0000000000000000     <absolute>
 0000:00000000       __guard_iat_count          0000000000000000     <absolute>
 0000:00000000       __volatile_metadata        0000000000000000     <absolute>
 0000:00000000       __guard_fids_count         0000000000000000     <absolute>
 0000:00000000       __enclave_config           0000000000000000     <absolute>
 0000:00000000       __guard_fids_table         0000000000000000     <absolute>
 0000:00000000       __hybrid_auxiliary_iat     0000000000000000     <absolute>
 0000:00000000       __dynamic_value_reloc_table 0000000000000000     <absolute>
 0000:00000100       __guard_flags              0000000000000100     <absolute>
 0000:00000000       __ImageBase                0000000180000000     <linker-defined>
 0001:000000e0       ?internal_grow_predicate@hash_map_segment_base@internal@tbb@@QEBA_NXZ 00000001800010e0 f   concurrent_hash_map.obj
 0001:00000110       ?unregister_master@private_server@rml@internal@tbb@@UEAAXPEAX@Z 0000000180001110 f i private_server.obj
 0001:00000110       ?__global_delete@@YAXPEAX_K@Z 0000000180001110 f i * CIL library *:* CIL module *
 0001:00000110       ?apply_active@stack_size_control@internal@tbb@@EEBAXXZ 0000000180001110 f i tbb_main.obj
 0001:00000110       ?note_affinity@task@tbb@@UEAAXG@Z 0000000180001110 f i task.obj
 0001:00000110       ?register_master@private_server@rml@internal@tbb@@UEAAXAEAPEAX@Z 0000000180001110 f i private_server.obj
 0001:00000110       ?finalize@filter@tbb@@UEAAXPEAX@Z 0000000180001110 f i pipeline.obj
 0001:00000110       ?destroy_condvar_noop@internal@tbb@@YAXPEAU_RTL_CONDITION_VARIABLE@@@Z 0000000180001110 f i condition_variable.obj
 0001:00000110       ?__empty_global_delete@@YAXPEAX_K@Z 0000000180001110 f i concurrent_hash_map.obj
 0001:00000110       ?inject_token@pipeline@tbb@@AEAAXAEAVtask@2@@Z 0000000180001110 f i pipeline.obj
 0001:00000110       _guard_check_icall_nop     0000000180001110 f i LIBCMT:guard_support.obj
 0001:00000110       ?internal_destroy@reader_writer_lock@interface5@tbb@@AEAAXXZ 0000000180001110 f i reader_writer_lock.obj
 0001:00000110       ?independent_thread_number_changed@private_server@rml@internal@tbb@@UEAAXH@Z 0000000180001110 f i private_server.obj
 0001:00000120       ??0scoped_lock@spin_mutex@tbb@@QEAA@AEAV12@@Z 0000000180001120 f i concurrent_queue.obj
 0001:000001a0       ??1scoped_lock@spin_mutex@tbb@@QEAA@XZ 00000001800011a0 f i concurrent_queue.obj
 0001:000001b0       ??1binary_semaphore@internal@tbb@@QEAA@XZ 00000001800011b0 f i concurrent_queue.obj
 0001:000001c0       ??1thread_context@concurrent_monitor@internal@tbb@@QEAA@XZ 00000001800011c0 f i concurrent_queue.obj
 0001:00000200       ??1micro_queue_pop_finalizer@internal@tbb@@QEAA@XZ 0000000180001200 f i concurrent_queue.obj
 0001:000002d0       ?choose@concurrent_queue_rep@internal@tbb@@QEAAAEAUmicro_queue@23@_K@Z 00000001800012d0 f i concurrent_queue.obj
 0001:000002f0       ?push@micro_queue@internal@tbb@@QEAAXPEBX_KAEAVconcurrent_queue_base_v3@23@W4copy_specifics@423@@Z 00000001800012f0 f   concurrent_queue.obj
 0001:000004b0       ?abort_push@micro_queue@internal@tbb@@QEAAX_KAEAVconcurrent_queue_base_v3@23@@Z 00000001800014b0 f   concurrent_queue.obj
 0001:000004d0       ?pop@micro_queue@internal@tbb@@QEAA_NPEAX_KAEAVconcurrent_queue_base_v3@23@@Z 00000001800014d0 f   concurrent_queue.obj
 0001:000006c0       ?assign@micro_queue@internal@tbb@@QEAAAEAU123@AEBU123@AEAVconcurrent_queue_base_v3@23@W4copy_specifics@423@@Z 00000001800016c0 f   concurrent_queue.obj
 0001:00000930       ?make_invalid@micro_queue@internal@tbb@@QEAAX_K@Z 0000000180001930 f   concurrent_queue.obj
 0001:000009f0       ??0concurrent_queue_base_v3@internal@tbb@@IEAA@_K@Z 00000001800019f0 f   concurrent_queue.obj
 0001:00000b20       ??_Gconcurrent_queue_base_v3@internal@tbb@@MEAAPEAXI@Z 0000000180001b20 f i concurrent_queue.obj
 0001:00000b20       ??_Econcurrent_queue_base_v3@internal@tbb@@MEAAPEAXI@Z 0000000180001b20 f i * CIL library *:* CIL module *
 0001:00000b70       ??1concurrent_queue_base_v3@internal@tbb@@MEAA@XZ 0000000180001b70 f   concurrent_queue.obj
 0001:00000ba0       ?internal_push@concurrent_queue_base_v3@internal@tbb@@IEAAXPEBX@Z 0000000180001ba0 f   concurrent_queue.obj
 0001:00000bb0       ?internal_push_move@concurrent_queue_base_v8@internal@tbb@@IEAAXPEBX@Z 0000000180001bb0 f   concurrent_queue.obj
 0001:00000bc0       ?internal_insert_item@concurrent_queue_base_v3@internal@tbb@@IEAAXPEBXW4copy_specifics@123@@Z 0000000180001bc0 f   concurrent_queue.obj
 0001:00000ff0       ?internal_pop@concurrent_queue_base_v3@internal@tbb@@IEAAXPEAX@Z 0000000180001ff0 f   concurrent_queue.obj
 0001:00001590       ?internal_abort@concurrent_queue_base_v3@internal@tbb@@IEAAXXZ 0000000180002590 f   concurrent_queue.obj
 0001:000017e0       ?internal_pop_if_present@concurrent_queue_base_v3@internal@tbb@@IEAA_NPEAX@Z 00000001800027e0 f   concurrent_queue.obj
 0001:000019b0       ?internal_push_if_not_full@concurrent_queue_base_v3@internal@tbb@@IEAA_NPEBX@Z 00000001800029b0 f   concurrent_queue.obj
 0001:000019c0       ?internal_push_move_if_not_full@concurrent_queue_base_v8@internal@tbb@@IEAA_NPEBX@Z 00000001800029c0 f   concurrent_queue.obj
 0001:000019d0       ?internal_insert_if_not_full@concurrent_queue_base_v3@internal@tbb@@IEAA_NPEBXW4copy_specifics@123@@Z 00000001800029d0 f   concurrent_queue.obj
 0001:00001ba0       ?internal_size@concurrent_queue_base_v3@internal@tbb@@IEBA_JXZ 0000000180002ba0 f   concurrent_queue.obj
 0001:00001bd0       ?internal_empty@concurrent_queue_base_v3@internal@tbb@@IEBA_NXZ 0000000180002bd0 f   concurrent_queue.obj
 0001:00001c10       ?internal_set_capacity@concurrent_queue_base@internal@tbb@@IEAAX_J_K@Z 0000000180002c10 f   concurrent_queue_v2.obj
 0001:00001c10       ?internal_set_capacity@concurrent_queue_base_v3@internal@tbb@@IEAAX_J_K@Z 0000000180002c10 f   concurrent_queue.obj
 0001:00001c30       ?internal_finish_clear@concurrent_queue_base_v3@internal@tbb@@IEAAXXZ 0000000180002c30 f   concurrent_queue.obj
 0001:00001ca0       ?internal_throw_exception@concurrent_queue_base_v3@internal@tbb@@IEBAXXZ 0000000180002ca0 f   concurrent_queue.obj
 0001:00001cb0       ?internal_assign@concurrent_queue_base_v3@internal@tbb@@IEAAXAEBV123@W4copy_specifics@123@@Z 0000000180002cb0 f   concurrent_queue.obj
 0001:00001d80       ?assign@concurrent_queue_base_v3@internal@tbb@@IEAAXAEBV123@@Z 0000000180002d80 f   concurrent_queue.obj
 0001:00001d90       ?move_content@concurrent_queue_base_v8@internal@tbb@@IEAAXAEAV123@@Z 0000000180002d90 f   concurrent_queue.obj
 0001:00001da0       ?initialize@concurrent_queue_iterator_base_v3@internal@tbb@@AEAAXAEBVconcurrent_queue_base_v3@23@_K@Z 0000000180002da0 f   concurrent_queue.obj
 0001:00001ea0       ??0concurrent_queue_iterator_base_v3@internal@tbb@@IEAA@AEBVconcurrent_queue_base_v3@12@@Z 0000000180002ea0 f   concurrent_queue.obj
 0001:00001ec0       ??0concurrent_queue_iterator_base_v3@internal@tbb@@IEAA@AEBVconcurrent_queue_base_v3@12@_K@Z 0000000180002ec0 f   concurrent_queue.obj
 0001:00001ee0       ?assign@concurrent_queue_iterator_base_v3@internal@tbb@@IEAAXAEBV123@@Z 0000000180002ee0 f   concurrent_queue.obj
 0001:00001fb0       ?advance@concurrent_queue_iterator_base_v3@internal@tbb@@IEAAXXZ 0000000180002fb0 f   concurrent_queue.obj
 0001:00002060       ??1concurrent_queue_iterator_base_v3@internal@tbb@@IEAA@XZ 0000000180003060 f   concurrent_queue.obj
 0001:00002090       ??F?$atomic_impl_with_arithmetic@_K_KD@internal@tbb@@QEAA_KH@Z 0000000180003090 f i concurrent_queue.obj
 0001:000020a0       ??E?$atomic_impl_with_arithmetic@_K_KD@internal@tbb@@QEAA_KXZ 00000001800030a0 f i concurrent_queue.obj
 0001:000020b0       ??Y?$atomic_impl_with_arithmetic@_K_KD@internal@tbb@@QEAA_K_K@Z 00000001800030b0 f i concurrent_queue.obj
 0001:000020c0       ?segment_base@concurrent_vector_base_v3@internal@tbb@@KA_K_K@Z 00000001800030c0 f i concurrent_vector.obj
 0001:000020d0       ??0helper@concurrent_vector_base_v3@internal@tbb@@QEAA@PEAVsegment_t@123@_K1111@Z 00000001800030d0 f i concurrent_vector.obj
 0001:00002110       ??1helper@concurrent_vector_base_v3@internal@tbb@@QEAA@XZ 0000000180003110 f i concurrent_vector.obj
 0001:00002140       ??0destroy_body@helper@concurrent_vector_base_v3@internal@tbb@@QEAA@P6AXPEAX_K@Z@Z 0000000180003140 f i concurrent_vector.obj
 0001:00002150       ?extend_segment_table@helper@concurrent_vector_base_v3@internal@tbb@@SAXAEAV234@_K@Z 0000000180003150 f   concurrent_vector.obj
 0001:00002300       ?enable_segment@helper@concurrent_vector_base_v3@internal@tbb@@SA_KAEAV234@_K1_N@Z 0000000180003300 f   concurrent_vector.obj
 0001:000024f0       ?cleanup@helper@concurrent_vector_base_v3@internal@tbb@@QEAAXXZ 00000001800034f0 f   concurrent_vector.obj
 0001:000027a0       ??1concurrent_vector_base_v3@internal@tbb@@IEAA@XZ 00000001800037a0 f   concurrent_vector.obj
 0001:000027d0       ?internal_capacity@concurrent_vector_base_v3@internal@tbb@@IEBA_KXZ 00000001800037d0 f   concurrent_vector.obj
 0001:00002810       ?internal_throw_exception@concurrent_vector_base_v3@internal@tbb@@IEBAX_K@Z 0000000180003810 f   concurrent_vector.obj
 0001:00002860       ?internal_reserve@concurrent_vector_base_v3@internal@tbb@@IEAAX_K00@Z 0000000180003860 f   concurrent_vector.obj
 0001:00002960       ?internal_copy@concurrent_vector_base_v3@internal@tbb@@IEAAXAEBV123@_KP6AXPEAXPEBX1@Z@Z 0000000180003960 f   concurrent_vector.obj
 0001:00002a90       ?internal_assign@concurrent_vector_base_v3@internal@tbb@@IEAAXAEBV123@_KP6AXPEAX1@ZP6AX2PEBX1@Z5@Z 0000000180003a90 f   concurrent_vector.obj
 0001:00002cb0       ?internal_push_back@concurrent_vector_base_v3@internal@tbb@@IEAAPEAX_KAEA_K@Z 0000000180003cb0 f   concurrent_vector.obj
 0001:00002da0       ?internal_grow_to_at_least@concurrent_vector_base_v3@internal@tbb@@IEAAX_K0P6AXPEAXPEBX0@Z2@Z 0000000180003da0 f   concurrent_vector.obj
 0001:00002db0       ?internal_grow_to_at_least_with_result@concurrent_vector_base_v3@internal@tbb@@IEAA_K_K0P6AXPEAXPEBX0@Z2@Z 0000000180003db0 f   concurrent_vector.obj
 0001:00002f30       ?internal_grow_by@concurrent_vector_base_v3@internal@tbb@@IEAA_K_K0P6AXPEAXPEBX0@Z2@Z 0000000180003f30 f   concurrent_vector.obj
 0001:00002f70       ?internal_grow@concurrent_vector_base_v3@internal@tbb@@IEAAX_K00P6AXPEAXPEBX0@Z2@Z 0000000180003f70 f   concurrent_vector.obj
 0001:00003230       ?internal_resize@concurrent_vector_base_v3@internal@tbb@@IEAAX_K00PEBXP6AXPEAX0@ZP6AX210@Z@Z 0000000180004230 f   concurrent_vector.obj
 0001:00003420       ?internal_clear@concurrent_vector_base_v3@internal@tbb@@IEAA_KP6AXPEAX_K@Z@Z 0000000180004420 f   concurrent_vector.obj
 0001:000034d0       ?internal_compact@concurrent_vector_base_v3@internal@tbb@@IEAAPEAX_KPEAXP6AX10@ZP6AX1PEBX0@Z@Z 00000001800044d0 f   concurrent_vector.obj
 0001:00003870       ?internal_swap@concurrent_vector_base_v3@internal@tbb@@IEAAXAEAV123@@Z 0000000180004870 f   concurrent_vector.obj
 0001:00003970       ??$spin_wait_while_eq@PEAVscoped_lock@queuing_rw_mutex@tbb@@PEAX@internal@tbb@@YAXAEDSEAVscoped_lock@queuing_rw_mutex@1@PEAX@Z 0000000180004970 f i queuing_rw_mutex.obj
 0001:00003970       ??$spin_wait_while@Usegment_not_used_predicate@helper@concurrent_vector_base_v3@internal@tbb@@@internal@tbb@@YAXUsegment_not_used_predicate@helper@concurrent_vector_base_v3@01@@Z 0000000180004970 f i concurrent_vector.obj
 0001:00003970       ??$spin_wait_while_eq@PEAXPEAX@internal@tbb@@YAXAEDSEAXPEAX@Z 0000000180004970 f i concurrent_vector_v2.obj
 0001:00003970       ??$spin_wait_while_eq@PEAVscoped_lock@reader_writer_lock@interface5@tbb@@PEAV1234@@internal@tbb@@YAXAEDSEAVscoped_lock@reader_writer_lock@interface5@1@PEAV2341@@Z 0000000180004970 f i reader_writer_lock.obj
 0001:000039d0       ??$apply@Usafe_init_body@helper@concurrent_vector_base_v3@internal@tbb@@@helper@concurrent_vector_base_v3@internal@tbb@@QEAA_KAEBUsafe_init_body@0123@@Z 00000001800049d0 f i concurrent_vector.obj
 0001:00003b30       ??$apply@Udestroy_body@helper@concurrent_vector_base_v3@internal@tbb@@@helper@concurrent_vector_base_v3@internal@tbb@@QEAA_KAEBUdestroy_body@0123@@Z 0000000180004b30 f i concurrent_vector.obj
 0001:00003d90       ?dynamic_link@internal@tbb@@YA_NPEBDQEBUdynamic_link_descriptor@12@_KPEAPEAUHINSTANCE__@@H@Z 0000000180004d90 f   dynamic_link.obj
 0001:00007950       __itt_fini_ittlib          0000000180008950 f   itt_notify.obj
 0001:00007a20       __itt_init_ittlib          0000000180008a20 f   itt_notify.obj
 0001:00007e00       ?initialize_handler_pointers@internal@tbb@@YAXXZ 0000000180008e00 f   cache_aligned_allocator.obj
 0001:00008130       ?NFS_GetLineSize@internal@tbb@@YA_KXZ 0000000180009130 f   cache_aligned_allocator.obj
 0001:00008140       ?NFS_Allocate@internal@tbb@@YAPEAX_K0PEAX@Z 0000000180009140 f   cache_aligned_allocator.obj
 0001:000081a0       ?NFS_Free@internal@tbb@@YAXPEAX@Z 00000001800091a0 f   cache_aligned_allocator.obj
 0001:00008200       ?allocate_via_handler_v3@internal@tbb@@YAPEAX_K@Z 0000000180009200 f   cache_aligned_allocator.obj
 0001:00008200       ?allocate_closure_v3@internal@tbb@@YAPEAX_K@Z 0000000180009200 f   tbb_thread.obj
 0001:00008230       ?free_closure_v3@internal@tbb@@YAXPEAX@Z 0000000180009230 f   tbb_thread.obj
 0001:00008230       ?deallocate_via_handler_v3@internal@tbb@@YAXPEAX@Z 0000000180009230 f   cache_aligned_allocator.obj
 0001:00008240       ?is_malloc_used_v3@internal@tbb@@YA_NXZ 0000000180009240 f   cache_aligned_allocator.obj
 0001:00008280       ??0task_group_context@tbb@@QEAA@W4kind_type@01@_K@Z 0000000180009280 f i pipeline.obj
 0001:00008400       ??_Etask@tbb@@UEAAPEAXI@Z  0000000180009400 f i * CIL library *:* CIL module *
 0001:00008400       ??_Gempty_task@tbb@@UEAAPEAXI@Z 0000000180009400 f i arena.obj
 0001:00008400       ??_Gtask@tbb@@UEAAPEAXI@Z  0000000180009400 f i pipeline.obj
 0001:00008400       ??_Eempty_task@tbb@@UEAAPEAXI@Z 0000000180009400 f i * CIL library *:* CIL module *
 0001:00008430       ??_Efilter@tbb@@UEAAPEAXI@Z 0000000180009430 f i * CIL library *:* CIL module *
 0001:00008430       ??_Gfilter@tbb@@UEAAPEAXI@Z 0000000180009430 f i pipeline.obj
 0001:000084f0       ??0input_buffer@internal@tbb@@QEAA@_N0@Z 00000001800094f0 f i pipeline.obj
 0001:00008570       ?put_token@input_buffer@internal@tbb@@QEAA_NAEAUtask_info@23@_N@Z 0000000180009570 f i pipeline.obj
 0001:000086d0       ?return_item@input_buffer@internal@tbb@@QEAA_NAEAUtask_info@23@_N@Z 00000001800096d0 f i pipeline.obj
 0001:000087b0       ?grow@input_buffer@internal@tbb@@AEAAXK@Z 00000001800097b0 f   pipeline.obj
 0001:000088c0       ??_Gstage_task@internal@tbb@@UEAAPEAXI@Z 00000001800098c0 f i pipeline.obj
 0001:000088c0       ??_Estage_task@internal@tbb@@UEAAPEAXI@Z 00000001800098c0 f i * CIL library *:* CIL module *
 0001:00008940       ?execute@stage_task@internal@tbb@@UEAAPEAVtask@3@XZ 0000000180009940 f   pipeline.obj
 0001:00008d90       ?execute@pipeline_root_task@internal@tbb@@EEAAPEAVtask@3@XZ 0000000180009d90 f i pipeline.obj
 0001:000090f0       ??_Epipeline_root_task@internal@tbb@@UEAAPEAXI@Z 000000018000a0f0 f i * CIL library *:* CIL module *
 0001:000090f0       ??_Gpipeline_root_task@internal@tbb@@UEAAPEAXI@Z 000000018000a0f0 f i pipeline.obj
 0001:00009120       ??1pipeline_cleaner@internal@tbb@@QEAA@XZ 000000018000a120 f i pipeline.obj
 0001:000091f0       ??0pipeline@tbb@@QEAA@XZ   000000018000a1f0 f   pipeline.obj
 0001:00009220       ??_Gpipeline@tbb@@UEAAPEAXI@Z 000000018000a220 f i pipeline.obj
 0001:00009220       ??_Epipeline@tbb@@UEAAPEAXI@Z 000000018000a220 f i * CIL library *:* CIL module *
 0001:000092d0       ??1pipeline@tbb@@UEAA@XZ   000000018000a2d0 f   pipeline.obj
 0001:00009370       ?clear@pipeline@tbb@@QEAAXXZ 000000018000a370 f   pipeline.obj
 0001:00009410       ??_Ginput_buffer@internal@tbb@@QEAAPEAXI@Z 000000018000a410 f i pipeline.obj
 0001:00009490       ?add_filter@pipeline@tbb@@QEAAXAEAVfilter@2@@Z 000000018000a490 f   pipeline.obj
 0001:00009640       ?run@pipeline@tbb@@QEAAX_KAEAVtask_group_context@2@@Z 000000018000a640 f   pipeline.obj
 0001:000098a0       ?run@pipeline@tbb@@QEAAX_K@Z 000000018000a8a0 f   pipeline.obj
 0001:00009940       ??1filter@tbb@@UEAA@XZ     000000018000a940 f   pipeline.obj
 0001:000099e0       ?set_end_of_input@filter@tbb@@IEAAXXZ 000000018000a9e0 f   pipeline.obj
 0001:00009a10       ?process_item@thread_bound_filter@tbb@@QEAA?AW4result_type@12@XZ 000000018000aa10 f   pipeline.obj
 0001:00009a20       ?try_process_item@thread_bound_filter@tbb@@QEAA?AW4result_type@12@XZ 000000018000aa20 f   pipeline.obj
 0001:00009a30       ?internal_process_item@thread_bound_filter@tbb@@AEAA?AW4result_type@12@_N@Z 000000018000aa30 f   pipeline.obj
 0001:00009c70       ??$note_done@Vstage_task@internal@tbb@@@input_buffer@internal@tbb@@QEAAXKAEAVstage_task@12@@Z 000000018000ac70 f i pipeline.obj
 0001:00009e20       ?acquire@scoped_lock@queuing_mutex@tbb@@QEAAXAEAV23@@Z 000000018000ae20 f   queuing_mutex.obj
 0001:00009ec0       ?try_acquire@scoped_lock@queuing_mutex@tbb@@QEAA_NAEAV23@@Z 000000018000aec0 f   queuing_mutex.obj
 0001:00009f00       ?release@scoped_lock@queuing_mutex@tbb@@QEAAXXZ 000000018000af00 f   queuing_mutex.obj
 0001:00009fa0       ?internal_construct@queuing_mutex@tbb@@QEAAXXZ 000000018000afa0 f   queuing_mutex.obj
 0001:00009fd0       ?unblock_or_wait_on_internal_lock@scoped_lock@queuing_rw_mutex@tbb@@AEAAX_K@Z 000000018000afd0 f i queuing_rw_mutex.obj
 0001:0000a030       ?acquire@scoped_lock@queuing_rw_mutex@tbb@@QEAAXAEAV23@_N@Z 000000018000b030 f   queuing_rw_mutex.obj
 0001:0000a1c0       ?try_acquire@scoped_lock@queuing_rw_mutex@tbb@@QEAA_NAEAV23@_N@Z 000000018000b1c0 f   queuing_rw_mutex.obj
 0001:0000a220       ?release@scoped_lock@queuing_rw_mutex@tbb@@QEAAXXZ 000000018000b220 f   queuing_rw_mutex.obj
 0001:0000a4d0       ?downgrade_to_reader@scoped_lock@queuing_rw_mutex@tbb@@QEAA_NXZ 000000018000b4d0 f   queuing_rw_mutex.obj
 0001:0000a570       ?upgrade_to_writer@scoped_lock@queuing_rw_mutex@tbb@@QEAA_NXZ 000000018000b570 f   queuing_rw_mutex.obj
 0001:0000a920       ?internal_construct@queuing_rw_mutex@tbb@@QEAAXXZ 000000018000b920 f   queuing_rw_mutex.obj
 0001:0000a950       ??$spin_wait_until_eq@EH@internal@tbb@@YAXAEDEH@Z 000000018000b950 f i queuing_rw_mutex.obj
 0001:0000a9b0       ??$spin_wait_while_eq@PEAVscoped_lock@queuing_rw_mutex@tbb@@PEAV123@@internal@tbb@@YAXAEDSEAVscoped_lock@queuing_rw_mutex@1@PEAV231@@Z 000000018000b9b0 f i queuing_rw_mutex.obj
 0001:0000aa10       ??1scoped_lock_read@reader_writer_lock@interface5@tbb@@QEAA@XZ 000000018000ba10 f i reader_writer_lock.obj
 0001:0000aa80       ?fetch_and_or@interface5@tbb@@YA_KAEAU?$atomic@_K@2@_K@Z 000000018000ba80 f i reader_writer_lock.obj
 0001:0000ab00       ?internal_construct@reader_writer_lock@interface5@tbb@@AEAAXXZ 000000018000bb00 f   reader_writer_lock.obj
 0001:0000ab20       ?lock@reader_writer_lock@interface5@tbb@@QEAAXXZ 000000018000bb20 f   reader_writer_lock.obj
 0001:0000aba0       ?try_lock@reader_writer_lock@interface5@tbb@@QEAA_NXZ 000000018000bba0 f   reader_writer_lock.obj
 0001:0000ac10       ?start_write@reader_writer_lock@interface5@tbb@@AEAA_NPEAVscoped_lock@123@@Z 000000018000bc10 f   reader_writer_lock.obj
 0001:0000ad50       ??_Gscoped_lock@reader_writer_lock@interface5@tbb@@QEAAPEAXI@Z 000000018000bd50 f i reader_writer_lock.obj
 0001:0000ad90       ?set_next_writer@reader_writer_lock@interface5@tbb@@AEAAXPEAVscoped_lock@123@@Z 000000018000bd90 f   reader_writer_lock.obj
 0001:0000ae80       ?lock_read@reader_writer_lock@interface5@tbb@@QEAAXXZ 000000018000be80 f   reader_writer_lock.obj
 0001:0000af10       ?try_lock_read@reader_writer_lock@interface5@tbb@@QEAA_NXZ 000000018000bf10 f   reader_writer_lock.obj
 0001:0000af70       ?start_read@reader_writer_lock@interface5@tbb@@AEAAXPEAVscoped_lock_read@123@@Z 000000018000bf70 f   reader_writer_lock.obj
 0001:0000b060       ?unlock@reader_writer_lock@interface5@tbb@@QEAAXXZ 000000018000c060 f   reader_writer_lock.obj
 0001:0000b0e0       ?end_write@reader_writer_lock@interface5@tbb@@AEAAXPEAVscoped_lock@123@@Z 000000018000c0e0 f   reader_writer_lock.obj
 0001:0000b200       ?internal_construct@scoped_lock@reader_writer_lock@interface5@tbb@@AEAAXAEAV234@@Z 000000018000c200 f   reader_writer_lock.obj
 0001:0000b260       ?internal_construct@scoped_lock_read@reader_writer_lock@interface5@tbb@@AEAAXAEAV234@@Z 000000018000c260 f   reader_writer_lock.obj
 0001:0000b2c0       ?internal_destroy@scoped_lock@reader_writer_lock@interface5@tbb@@AEAAXXZ 000000018000c2c0 f   reader_writer_lock.obj
 0001:0000b300       ?internal_destroy@scoped_lock_read@reader_writer_lock@interface5@tbb@@AEAAXXZ 000000018000c300 f   reader_writer_lock.obj
 0001:0000b360       ?internal_acquire_writer@spin_rw_mutex_v3@tbb@@AEAA_NXZ 000000018000c360 f   spin_rw_mutex.obj
 0001:0000b360       ?internal_acquire_writer@spin_rw_mutex@tbb@@CA_NPEAV12@@Z 000000018000c360 f   spin_rw_mutex_v2.obj
 0001:0000b420       ?internal_release_writer@spin_rw_mutex_v3@tbb@@AEAAXXZ 000000018000c420 f   spin_rw_mutex.obj
 0001:0000b450       ?internal_acquire_reader@spin_rw_mutex_v3@tbb@@AEAAXXZ 000000018000c450 f   spin_rw_mutex.obj
 0001:0000b4d0       ?internal_upgrade@spin_rw_mutex_v3@tbb@@AEAA_NXZ 000000018000c4d0 f   spin_rw_mutex.obj
 0001:0000b5f0       ?internal_downgrade@spin_rw_mutex_v3@tbb@@AEAAXXZ 000000018000c5f0 f   spin_rw_mutex.obj
 0001:0000b620       ?internal_release_reader@spin_rw_mutex_v3@tbb@@AEAAXXZ 000000018000c620 f   spin_rw_mutex.obj
 0001:0000b620       ?internal_release_reader@spin_rw_mutex@tbb@@CAXPEAV12@@Z 000000018000c620 f   spin_rw_mutex_v2.obj
 0001:0000b650       ?internal_try_acquire_writer@spin_rw_mutex_v3@tbb@@AEAA_NXZ 000000018000c650 f   spin_rw_mutex.obj
 0001:0000b650       ?internal_try_acquire_writer@spin_rw_mutex@tbb@@CA_NPEAV12@@Z 000000018000c650 f   spin_rw_mutex_v2.obj
 0001:0000b6c0       ?internal_try_acquire_reader@spin_rw_mutex_v3@tbb@@AEAA_NXZ 000000018000c6c0 f   spin_rw_mutex.obj
 0001:0000b700       ?internal_construct@spin_rw_mutex_v3@tbb@@AEAAXXZ 000000018000c700 f   spin_rw_mutex.obj
 0001:0000b730       ?acquire@scoped_lock@spin_rw_mutex_v3@tbb@@QEAAXAEAV23@_N@Z 000000018000c730 f i x86_rtm_rw_mutex.obj
 0001:0000b7e0       ?internal_release@x86_rtm_rw_mutex@internal@interface8@tbb@@AEAAXAEAVscoped_lock@1234@@Z 000000018000c7e0 f   x86_rtm_rw_mutex.obj
 0001:0000b840       ?internal_acquire_writer@x86_rtm_rw_mutex@internal@interface8@tbb@@AEAAXAEAVscoped_lock@1234@_N@Z 000000018000c840 f   x86_rtm_rw_mutex.obj
 0001:0000b920       ?internal_acquire_reader@x86_rtm_rw_mutex@internal@interface8@tbb@@AEAAXAEAVscoped_lock@1234@_N@Z 000000018000c920 f   x86_rtm_rw_mutex.obj
 0001:0000ba00       ?internal_upgrade@x86_rtm_rw_mutex@internal@interface8@tbb@@AEAA_NAEAVscoped_lock@1234@@Z 000000018000ca00 f   x86_rtm_rw_mutex.obj
 0001:0000bc40       ?internal_downgrade@x86_rtm_rw_mutex@internal@interface8@tbb@@AEAA_NAEAVscoped_lock@1234@@Z 000000018000cc40 f   x86_rtm_rw_mutex.obj
 0001:0000bc80       ?internal_try_acquire_writer@x86_rtm_rw_mutex@internal@interface8@tbb@@AEAA_NAEAVscoped_lock@1234@@Z 000000018000cc80 f   x86_rtm_rw_mutex.obj
 0001:0000bd70       ?internal_construct@x86_rtm_rw_mutex@internal@interface8@tbb@@AEAAXXZ 000000018000cd70 f   x86_rtm_rw_mutex.obj
 0001:0000bda0       ?internal_acquire@scoped_lock@spin_mutex@tbb@@AEAAXAEAV23@@Z 000000018000cda0 f   spin_mutex.obj
 0001:0000be40       ?internal_release@scoped_lock@spin_mutex@tbb@@AEAAXXZ 000000018000ce40 f   spin_mutex.obj
 0001:0000be70       ?internal_try_acquire@scoped_lock@spin_mutex@tbb@@AEAA_NAEAV23@@Z 000000018000ce70 f   spin_mutex.obj
 0001:0000beb0       ?internal_construct@spin_mutex@tbb@@QEAAXXZ 000000018000ceb0 f   spin_mutex.obj
 0001:0000bee0       ?internal_construct@critical_section_v4@internal@tbb@@QEAAXXZ 000000018000cee0 f   critical_section.obj
 0001:0000bf10       ?internal_acquire@scoped_lock@mutex@tbb@@AEAAXAEAV23@@Z 000000018000cf10 f   mutex.obj
 0001:0000bf70       ?internal_release@scoped_lock@mutex@tbb@@AEAAXXZ 000000018000cf70 f   mutex.obj
 0001:0000bfb0       ?internal_try_acquire@scoped_lock@mutex@tbb@@AEAA_NAEAV23@@Z 000000018000cfb0 f   mutex.obj
 0001:0000c000       ?internal_construct@mutex@tbb@@AEAAXXZ 000000018000d000 f   mutex.obj
 0001:0000c050       ?internal_destroy@mutex@tbb@@AEAAXXZ 000000018000d050 f   mutex.obj
 0001:0000c050       ?internal_destroy@recursive_mutex@tbb@@AEAAXXZ 000000018000d050 f   recursive_mutex.obj
 0001:0000c090       ?internal_acquire@scoped_lock@recursive_mutex@tbb@@AEAAXAEAV23@@Z 000000018000d090 f   recursive_mutex.obj
 0001:0000c0d0       ?internal_release@scoped_lock@recursive_mutex@tbb@@AEAAXXZ 000000018000d0d0 f   recursive_mutex.obj
 0001:0000c100       ?internal_try_acquire@scoped_lock@recursive_mutex@tbb@@AEAA_NAEAV23@@Z 000000018000d100 f   recursive_mutex.obj
 0001:0000c140       ?internal_construct@recursive_mutex@tbb@@AEAAXXZ 000000018000d140 f   recursive_mutex.obj
 0001:0000c190       ?init_condvar_using_event@internal@tbb@@YAXPEAUcondition_variable_using_event@1interface5@2@@Z 000000018000d190 f   condition_variable.obj
 0001:0000c1d0       ?sleep_condition_variable_cs_using_event@internal@tbb@@YAHPEAUcondition_variable_using_event@1interface5@2@PEAU_RTL_CRITICAL_SECTION@@K@Z 000000018000d1d0 f   condition_variable.obj
 0001:0000c2e0       ?wake_condition_variable_using_event@internal@tbb@@YAXPEAUcondition_variable_using_event@1interface5@2@@Z 000000018000d2e0 f   condition_variable.obj
 0001:0000c330       ?wake_all_condition_variable_using_event@internal@tbb@@YAXPEAUcondition_variable_using_event@1interface5@2@@Z 000000018000d330 f   condition_variable.obj
 0001:0000c380       ?destroy_condvar_using_event@internal@tbb@@YAXPEAUcondition_variable_using_event@1interface5@2@@Z 000000018000d380 f   condition_variable.obj
 0001:0000c420       ?init_condvar_module@internal@tbb@@YAXXZ 000000018000d420 f   condition_variable.obj
 0001:0000c470       ?internal_initialize_condition_variable@internal@interface5@tbb@@YAXAEATcondvar_impl_t@123@@Z 000000018000d470 f   condition_variable.obj
 0001:0000c510       ?internal_destroy_condition_variable@internal@interface5@tbb@@YAXAEATcondvar_impl_t@123@@Z 000000018000d510 f   condition_variable.obj
 0001:0000c520       ?internal_condition_variable_notify_one@internal@interface5@tbb@@YAXAEATcondvar_impl_t@123@@Z 000000018000d520 f   condition_variable.obj
 0001:0000c530       ?internal_condition_variable_notify_all@internal@interface5@tbb@@YAXAEATcondvar_impl_t@123@@Z 000000018000d530 f   condition_variable.obj
 0001:0000c540       ?internal_condition_variable_wait@internal@interface5@tbb@@YA_NAEATcondvar_impl_t@123@PEAVmutex@3@PEBVinterval_t@tick_count@3@@Z 000000018000d540 f   condition_variable.obj
 0001:0000c5d0       ?default_num_threads@governor@internal@tbb@@SAIXZ 000000018000d5d0 f i tbb_thread.obj
 0001:0000c6a0       ?join@tbb_thread_v3@internal@tbb@@QEAAXXZ 000000018000d6a0 f   tbb_thread.obj
 0001:0000c740       ?detach@tbb_thread_v3@internal@tbb@@QEAAXXZ 000000018000d740 f   tbb_thread.obj
 0001:0000c790       ?internal_start@tbb_thread_v3@internal@tbb@@AEAAXP6AIPEAX@Z0@Z 000000018000d790 f   tbb_thread.obj
 0001:0000c810       ?hardware_concurrency@tbb_thread_v3@internal@tbb@@SAIXZ 000000018000d810 f   tbb_thread.obj
 0001:0000c830       ?thread_get_id_v3@internal@tbb@@YA?AVid@tbb_thread_v3@12@XZ 000000018000d830 f   tbb_thread.obj
 0001:0000c850       ?move_v3@internal@tbb@@YAXAEAVtbb_thread_v3@12@0@Z 000000018000d850 f   tbb_thread.obj
 0001:0000c8b0       ?thread_yield_v3@internal@tbb@@YAXXZ 000000018000d8b0 f   tbb_thread.obj
 0001:0000c8b0       ?yield@private_server@rml@internal@tbb@@UEAAXXZ 000000018000d8b0 f   private_server.obj
 0001:0000c8c0       ?thread_sleep_v3@internal@tbb@@YAXAEBVinterval_t@tick_count@2@@Z 000000018000d8c0 f   tbb_thread.obj
 0001:0000c9f0       ?init@thread_context@concurrent_monitor@internal@tbb@@AEAAXXZ 000000018000d9f0 f   concurrent_monitor.obj
 0001:0000ca20       ??1concurrent_monitor@internal@tbb@@QEAA@XZ 000000018000da20 f   concurrent_monitor.obj
 0001:0000cb50       ?prepare_wait@concurrent_monitor@internal@tbb@@QEAAXAEAVthread_context@123@_K@Z 000000018000db50 f   concurrent_monitor.obj
 0001:0000cc30       ?cancel_wait@concurrent_monitor@internal@tbb@@QEAAXAEAVthread_context@123@@Z 000000018000dc30 f   concurrent_monitor.obj
 0001:0000ccf0       __local_stdio_printf_options 000000018000dcf0 f i private_server.obj
 0001:0000cd00       fprintf                    000000018000dd00 f i private_server.obj
 0001:0000cd50       ?launch@thread_monitor@internal@rml@@SAPEAXP6AIPEAX@Z0_KPEB_K@Z 000000018000dd50 f i private_server.obj
 0001:0000cf00       ?remove_server_ref@private_server@rml@internal@tbb@@AEAAXXZ 000000018000df00 f i private_server.obj
 0001:0000cf50       ?version@market@internal@tbb@@EEBAIXZ 000000018000df50 f i market.obj
 0001:0000cf50       ?version@private_server@rml@internal@tbb@@UEBAIXZ 000000018000df50 f i private_server.obj
 0001:0000cf50       ?_Get_deleter@_Ref_count_base@std@@UEBAPEAXAEBVtype_info@@@Z 000000018000df50 f i libcpmt:excptptr.obj
 0001:0000cf50       ?execute@empty_task@tbb@@EEAAPEAVtask@2@XZ 000000018000df50 f i arena.obj
 0001:0000cf60       ?request_close_connection@private_server@rml@internal@tbb@@UEAAX_N@Z 000000018000df60 f i private_server.obj
 0001:0000d090       ?default_concurrency@private_server@rml@internal@tbb@@UEBAIXZ 000000018000e090 f i private_server.obj
 0001:0000d0a0       ?thread_routine@private_worker@rml@internal@tbb@@CAIPEAX@Z 000000018000e0a0 f   private_server.obj
 0001:0000d110       ?run@private_worker@rml@internal@tbb@@AEAAXXZ 000000018000e110 f   private_server.obj
 0001:0000d2d0       ??0private_server@rml@internal@tbb@@QEAA@AEAVtbb_client@123@@Z 000000018000e2d0 f   private_server.obj
 0001:0000d450       ??_Gprivate_server@rml@internal@tbb@@EEAAPEAXI@Z 000000018000e450 f i private_server.obj
 0001:0000d450       ??_Eprivate_server@rml@internal@tbb@@EEAAPEAXI@Z 000000018000e450 f i * CIL library *:* CIL module *
 0001:0000d4f0       ?wake_some@private_server@rml@internal@tbb@@AEAAXH@Z 000000018000e4f0 f   private_server.obj
 0001:0000d6a0       ?adjust_job_count_estimate@private_server@rml@internal@tbb@@UEAAXH@Z 000000018000e6a0 f   private_server.obj
 0001:0000d6c0       ??0exception@std@@QEAA@AEBV01@@Z 000000018000e6c0 f i tbb_misc.obj
 0001:0000d700       ?what@exception@std@@UEBAPEBDXZ 000000018000e700 f i tbb_misc.obj
 0001:0000d720       ??_Gexception@std@@UEAAPEAXI@Z 000000018000e720 f i tbb_misc.obj
 0001:0000d720       ??_Euser_abort@tbb@@UEAAPEAXI@Z 000000018000e720 f i * CIL library *:* CIL module *
 0001:0000d720       ??_Eexception@std@@UEAAPEAXI@Z 000000018000e720 f i * CIL library *:* CIL module *
 0001:0000d720       ??_Grange_error@std@@UEAAPEAXI@Z 000000018000e720 f i tbb_misc.obj
 0001:0000d720       ??_Ginvalid_multiple_scheduling@tbb@@UEAAPEAXI@Z 000000018000e720 f i tbb_misc.obj
 0001:0000d720       ??_Gbad_alloc@std@@UEAAPEAXI@Z 000000018000e720 f i tbb_misc.obj
 0001:0000d720       ??_Gimproper_lock@tbb@@UEAAPEAXI@Z 000000018000e720 f i tbb_misc.obj
 0001:0000d720       ??_Eout_of_range@std@@UEAAPEAXI@Z 000000018000e720 f i * CIL library *:* CIL module *
 0001:0000d720       ??_Ebad_typeid@std@@UEAAPEAXI@Z 000000018000e720 f i libvcruntime:rtti.obj
 0001:0000d720       ??_Elength_error@std@@UEAAPEAXI@Z 000000018000e720 f i * CIL library *:* CIL module *
 0001:0000d720       ??_Gbad_array_new_length@std@@UEAAPEAXI@Z 000000018000e720 f i LIBCMT:throw_bad_alloc.obj
 0001:0000d720       ??_Emissing_wait@tbb@@UEAAPEAXI@Z 000000018000e720 f i * CIL library *:* CIL module *
 0001:0000d720       ??_Gbad_exception@std@@UEAAPEAXI@Z 000000018000e720 f i libcpmt:excptptr.obj
 0001:0000d720       ??_Einvalid_argument@std@@UEAAPEAXI@Z 000000018000e720 f i * CIL library *:* CIL module *
 0001:0000d720       ??_G__non_rtti_object@std@@UEAAPEAXI@Z 000000018000e720 f i libvcruntime:rtti.obj
 0001:0000d720       ??_Ebad_last_alloc@tbb@@UEAAPEAXI@Z 000000018000e720 f i * CIL library *:* CIL module *
 0001:0000d720       ??_Ginvalid_argument@std@@UEAAPEAXI@Z 000000018000e720 f i tbb_misc.obj
 0001:0000d720       ??_Ebad_cast@std@@UEAAPEAXI@Z 000000018000e720 f i libvcruntime:rtti.obj
 0001:0000d720       ??_Guser_abort@tbb@@UEAAPEAXI@Z 000000018000e720 f i tbb_misc.obj
 0001:0000d720       ??_Gbad_typeid@std@@UEAAPEAXI@Z 000000018000e720 f i libvcruntime:rtti.obj
 0001:0000d720       ??_Gruntime_error@std@@UEAAPEAXI@Z 000000018000e720 f i tbb_misc.obj
 0001:0000d720       ??_Gbad_cast@std@@UEAAPEAXI@Z 000000018000e720 f i libvcruntime:rtti.obj
 0001:0000d720       ??_Eruntime_error@std@@UEAAPEAXI@Z 000000018000e720 f i * CIL library *:* CIL module *
 0001:0000d720       ??_Ebad_exception@std@@UEAAPEAXI@Z 000000018000e720 f i libcpmt:excptptr.obj
 0001:0000d720       ??_Gmissing_wait@tbb@@UEAAPEAXI@Z 000000018000e720 f i tbb_misc.obj
 0001:0000d720       ??_Glength_error@std@@UEAAPEAXI@Z 000000018000e720 f i tbb_misc.obj
 0001:0000d720       ??_Elogic_error@std@@UEAAPEAXI@Z 000000018000e720 f i * CIL library *:* CIL module *
 0001:0000d720       ??_Gout_of_range@std@@UEAAPEAXI@Z 000000018000e720 f i tbb_misc.obj
 0001:0000d720       ??_Gbad_last_alloc@tbb@@UEAAPEAXI@Z 000000018000e720 f i tbb_misc.obj
 0001:0000d720       ??_Glogic_error@std@@UEAAPEAXI@Z 000000018000e720 f i tbb_misc.obj
 0001:0000d720       ??_Ebad_alloc@std@@UEAAPEAXI@Z 000000018000e720 f i * CIL library *:* CIL module *
 0001:0000d720       ??_Erange_error@std@@UEAAPEAXI@Z 000000018000e720 f i * CIL library *:* CIL module *
 0001:0000d720       ??_Eimproper_lock@tbb@@UEAAPEAXI@Z 000000018000e720 f i * CIL library *:* CIL module *
 0001:0000d720       ??_Ebad_array_new_length@std@@UEAAPEAXI@Z 000000018000e720 f i LIBCMT:throw_bad_alloc.obj
 0001:0000d720       ??_Einvalid_multiple_scheduling@tbb@@UEAAPEAXI@Z 000000018000e720 f i * CIL library *:* CIL module *
 0001:0000d720       ??_E__non_rtti_object@std@@UEAAPEAXI@Z 000000018000e720 f i libvcruntime:rtti.obj
 0001:0000d770       ??0bad_alloc@std@@QEAA@XZ  000000018000e770 f i tbb_misc.obj
 0001:0000d7a0       ??1bad_last_alloc@tbb@@UEAA@XZ 000000018000e7a0 f i tbb_misc.obj
 0001:0000d7a0       ??1user_abort@tbb@@UEAA@XZ 000000018000e7a0 f i tbb_misc.obj
 0001:0000d7a0       ??1length_error@std@@UEAA@XZ 000000018000e7a0 f i tbb_misc.obj
 0001:0000d7a0       ??1runtime_error@std@@UEAA@XZ 000000018000e7a0 f i tbb_misc.obj
 0001:0000d7a0       ??1bad_typeid@std@@UEAA@XZ 000000018000e7a0 f i libvcruntime:rtti.obj
 0001:0000d7a0       ??1invalid_argument@std@@UEAA@XZ 000000018000e7a0 f i tbb_misc.obj
 0001:0000d7a0       ??1bad_array_new_length@std@@UEAA@XZ 000000018000e7a0 f i LIBCMT:throw_bad_alloc.obj
 0001:0000d7a0       ??1__non_rtti_object@std@@UEAA@XZ 000000018000e7a0 f i libvcruntime:rtti.obj
 0001:0000d7a0       ??1out_of_range@std@@UEAA@XZ 000000018000e7a0 f i tbb_misc.obj
 0001:0000d7a0       ??1missing_wait@tbb@@UEAA@XZ 000000018000e7a0 f i tbb_misc.obj
 0001:0000d7a0       ??1bad_cast@std@@UEAA@XZ   000000018000e7a0 f i libvcruntime:rtti.obj
 0001:0000d7a0       ??1improper_lock@tbb@@UEAA@XZ 000000018000e7a0 f i tbb_misc.obj
 0001:0000d7a0       ??1bad_exception@std@@UEAA@XZ 000000018000e7a0 f i libcpmt:excptptr.obj
 0001:0000d7a0       ??1bad_alloc@std@@UEAA@XZ  000000018000e7a0 f i tbb_misc.obj
 0001:0000d7a0       ??1invalid_multiple_scheduling@tbb@@UEAA@XZ 000000018000e7a0 f i tbb_misc.obj
 0001:0000d7a0       ??1range_error@std@@UEAA@XZ 000000018000e7a0 f i tbb_misc.obj
 0001:0000d7c0       _snprintf                  000000018000e7c0 f i tbb_misc.obj
 0001:0000d820       ?set_assertion_handler@tbb@@YAP6AXPEBDH00@ZP6AX0H00@Z@Z 000000018000e820 f   tbb_misc.obj
 0001:0000d830       ?assertion_failure@tbb@@YAXPEBDH00@Z 000000018000e830 f   tbb_misc.obj
 0001:0000d8e0       ?runtime_warning@internal@tbb@@YAXPEBDZZ 000000018000e8e0 f   tbb_misc.obj
 0001:0000d9a0       ??0invalid_argument@std@@QEAA@PEBD@Z 000000018000e9a0 f i tbb_misc.obj
 0001:0000d9f0       ??0length_error@std@@QEAA@PEBD@Z 000000018000e9f0 f i tbb_misc.obj
 0001:0000da40       ??0out_of_range@std@@QEAA@PEBD@Z 000000018000ea40 f i tbb_misc.obj
 0001:0000da90       ??0runtime_error@std@@QEAA@PEBD@Z 000000018000ea90 f i tbb_misc.obj
 0001:0000dae0       ??0range_error@std@@QEAA@PEBD@Z 000000018000eae0 f i tbb_misc.obj
 0001:0000db30       ??0runtime_error@std@@QEAA@AEBV01@@Z 000000018000eb30 f i tbb_misc.obj
 0001:0000db70       ?what@bad_last_alloc@tbb@@UEBAPEBDXZ 000000018000eb70 f   tbb_misc.obj
 0001:0000db80       ?what@improper_lock@tbb@@UEBAPEBDXZ 000000018000eb80 f   tbb_misc.obj
 0001:0000db90       ?what@user_abort@tbb@@UEBAPEBDXZ 000000018000eb90 f   tbb_misc.obj
 0001:0000dba0       ?what@invalid_multiple_scheduling@tbb@@UEBAPEBDXZ 000000018000eba0 f   tbb_misc.obj
 0001:0000dbb0       ?what@missing_wait@tbb@@UEBAPEBDXZ 000000018000ebb0 f   tbb_misc.obj
 0001:0000dbc0       ?handle_perror@internal@tbb@@YAXHPEBD@Z 000000018000ebc0 f   tbb_misc.obj
 0001:0000dc30       ?handle_win_error@internal@tbb@@YAXH@Z 000000018000ec30 f   tbb_misc.obj
 0001:0000dca0       ?throw_bad_last_alloc_exception_v4@internal@tbb@@YAXXZ 000000018000eca0 f   tbb_misc.obj
 0001:0000dce0       ?throw_exception_v4@internal@tbb@@YAXW4exception_id@12@@Z 000000018000ece0 f   tbb_misc.obj
 0001:0000e010       ??0bad_last_alloc@tbb@@QEAA@XZ 000000018000f010 f i tbb_misc.obj
 0001:0000e040       ??0missing_wait@tbb@@QEAA@XZ 000000018000f040 f i tbb_misc.obj
 0001:0000e060       ??0invalid_multiple_scheduling@tbb@@QEAA@XZ 000000018000f060 f i tbb_misc.obj
 0001:0000e080       ??0improper_lock@tbb@@QEAA@XZ 000000018000f080 f i tbb_misc.obj
 0001:0000e0a0       ??0user_abort@tbb@@QEAA@XZ 000000018000f0a0 f i tbb_misc.obj
 0001:0000e0c0       ??0bad_alloc@std@@QEAA@AEBV01@@Z 000000018000f0c0 f i tbb_misc.obj
 0001:0000e100       ??0bad_last_alloc@tbb@@QEAA@AEBV01@@Z 000000018000f100 f i tbb_misc.obj
 0001:0000e140       ??0invalid_argument@std@@QEAA@AEBV01@@Z 000000018000f140 f i tbb_misc.obj
 0001:0000e180       ??0logic_error@std@@QEAA@AEBV01@@Z 000000018000f180 f i tbb_misc.obj
 0001:0000e1c0       ??0out_of_range@std@@QEAA@AEBV01@@Z 000000018000f1c0 f i tbb_misc.obj
 0001:0000e200       ??0range_error@std@@QEAA@AEBV01@@Z 000000018000f200 f i tbb_misc.obj
 0001:0000e240       ??0missing_wait@tbb@@QEAA@AEBV01@@Z 000000018000f240 f i tbb_misc.obj
 0001:0000e280       ??0invalid_multiple_scheduling@tbb@@QEAA@AEBV01@@Z 000000018000f280 f i tbb_misc.obj
 0001:0000e2c0       ??0improper_lock@tbb@@QEAA@AEBV01@@Z 000000018000f2c0 f i tbb_misc.obj
 0001:0000e300       ??0length_error@std@@QEAA@AEBV01@@Z 000000018000f300 f i tbb_misc.obj
 0001:0000e340       ??0user_abort@tbb@@QEAA@AEBV01@@Z 000000018000f340 f i tbb_misc.obj
 0001:0000e380       ?PrintExtraVersionInfo@internal@tbb@@YAXPEBD0ZZ 000000018000f380 f   tbb_misc.obj
 0001:0000e450       ?PrintRMLVersionInfo@internal@tbb@@YAXPEAXPEBD@Z 000000018000f450 f   tbb_misc.obj
 0001:0000e460       TBB_runtime_interface_version 000000018000f460 f   tbb_misc.obj
 0001:0000e6a0       ?allocate@allocate_root_proxy@internal@tbb@@SAAEAVtask@3@_K@Z 000000018000f6a0 f   task.obj
 0001:0000e720       ?free@allocate_root_proxy@internal@tbb@@SAXAEAVtask@3@@Z 000000018000f720 f   task.obj
 0001:0000e790       ?allocate@allocate_root_with_context_proxy@internal@tbb@@QEBAAEAVtask@3@_K@Z 000000018000f790 f   task.obj
 0001:0000e890       ?free@allocate_root_with_context_proxy@internal@tbb@@QEBAXAEAVtask@3@@Z 000000018000f890 f   task.obj
 0001:0000e890       ?free@allocate_child_proxy@internal@tbb@@QEBAXAEAVtask@3@@Z 000000018000f890 f   task.obj
 0001:0000e900       ?allocate@allocate_continuation_proxy@internal@tbb@@QEBAAEAVtask@3@_K@Z 000000018000f900 f   task.obj
 0001:0000e960       ?free@allocate_continuation_proxy@internal@tbb@@QEBAXAEAVtask@3@@Z 000000018000f960 f   task.obj
 0001:0000e9e0       ?allocate@allocate_child_proxy@internal@tbb@@QEBAAEAVtask@3@_K@Z 000000018000f9e0 f   task.obj
 0001:0000ea40       ?allocate@allocate_additional_child_of_proxy@internal@tbb@@QEBAAEAVtask@3@_K@Z 000000018000fa40 f   task.obj
 0001:0000eab0       ?free@allocate_additional_child_of_proxy@internal@tbb@@QEBAXAEAVtask@3@@Z 000000018000fab0 f   task.obj
 0001:0000eb70       ?get_initial_auto_partitioner_divisor@internal@tbb@@YA_KXZ 000000018000fb70 f   task.obj
 0001:0000ebc0       ?resize@affinity_partitioner_base_v3@internal@tbb@@AEAAXI@Z 000000018000fbc0 f   task.obj
 0001:0000ecd0       ?internal_set_ref_count@task@tbb@@AEAAXH@Z 000000018000fcd0 f   task.obj
 0001:0000ed10       ?internal_decrement_ref_count@task@tbb@@AEAA_JXZ 000000018000fd10 f   task.obj
 0001:0000ed70       ?self@task@tbb@@SAAEAV12@XZ 000000018000fd70 f   task.obj
 0001:0000edb0       __acrt_uninitialize_command_line 000000018000fdb0 f   libucrt:argv_data.obj
 0001:0000edb0       ?is_owned_by_current_thread@task@tbb@@QEBA_NXZ 000000018000fdb0 f   task.obj
 0001:0000edc0       ?destroy@task_base@internal@interface5@tbb@@SAXAEAVtask@4@@Z 000000018000fdc0 f   task.obj
 0001:0000eeb0       ?spawn_and_wait_for_all@task@tbb@@QEAAXAEAVtask_list@2@@Z 000000018000feb0 f   task.obj
 0001:0000ef50       ?change_group@task@tbb@@QEAAXAEAVtask_group_context@2@@Z 000000018000ff50 f   task.obj
 0001:0000f020       ??1exception_ptr@std@@QEAA@XZ 0000000180010020 f i task_group_context.obj
 0001:0000f040       ??0exception_ptr@std@@QEAA@AEBV01@@Z 0000000180010040 f i task_group_context.obj
 0001:0000f070       ??0captured_exception@tbb@@QEAA@AEBV01@@Z 0000000180010070 f i task_group_context.obj
 0001:0000f0f0       ?throw_self@captured_exception@tbb@@UEAAXXZ 00000001800100f0 f i task_group_context.obj
 0001:0000f120       ??_Ecaptured_exception@tbb@@UEAAPEAXI@Z 0000000180010120 f i * CIL library *:* CIL module *
 0001:0000f120       ??_Gcaptured_exception@tbb@@UEAAPEAXI@Z 0000000180010120 f i task_group_context.obj
 0001:0000f1c0       ??0tbb_exception@tbb@@QEAA@AEBV01@@Z 00000001800101c0 f i task_group_context.obj
 0001:0000f200       ??_Gtbb_exception@tbb@@UEAAPEAXI@Z 0000000180010200 f i task_group_context.obj
 0001:0000f200       ??_Etbb_exception@tbb@@UEAAPEAXI@Z 0000000180010200 f i * CIL library *:* CIL module *
 0001:0000f270       ?duplicate_string@tbb@@YAPEADPEBD@Z 0000000180010270 f i task_group_context.obj
 0001:0000f2e0       ??1captured_exception@tbb@@UEAA@XZ 00000001800102e0 f   task_group_context.obj
 0001:0000f330       ?set@captured_exception@tbb@@QEAAXPEBD0@Z 0000000180010330 f   task_group_context.obj
 0001:0000f370       ?clear@captured_exception@tbb@@QEAAXXZ 0000000180010370 f   task_group_context.obj
 0001:0000f3b0       ?move@captured_exception@tbb@@UEAAPEAV12@XZ 00000001800103b0 f   task_group_context.obj
 0001:0000f430       ?destroy@captured_exception@tbb@@UEAAXXZ 0000000180010430 f   task_group_context.obj
 0001:0000f490       ?allocate@captured_exception@tbb@@SAPEAV12@PEBD0@Z 0000000180010490 f   task_group_context.obj
 0001:0000f520       ?name@captured_exception@tbb@@UEBAPEBDXZ 0000000180010520 f   task_group_context.obj
 0001:0000f530       ?what@captured_exception@tbb@@UEBAPEBDXZ 0000000180010530 f   task_group_context.obj
 0001:0000f540       ?allocate@tbb_exception_ptr@internal@tbb@@SAPEAV123@AEBVtbb_exception@3@@Z 0000000180010540 f   task_group_context.obj
 0001:0000f540       ?allocate@tbb_exception_ptr@internal@tbb@@SAPEAV123@XZ 0000000180010540 f   task_group_context.obj
 0001:0000f5b0       ?allocate@tbb_exception_ptr@internal@tbb@@SAPEAV123@AEAVcaptured_exception@3@@Z 00000001800105b0 f   task_group_context.obj
 0001:0000f690       ??1task_group_context@tbb@@QEAA@XZ 0000000180010690 f   task_group_context.obj
 0001:0000f930       ?init@task_group_context@tbb@@IEAAXXZ 0000000180010930 f   task_group_context.obj
 0001:0000fad0       ?register_with@task_group_context@tbb@@QEAAXPEAVgeneric_scheduler@internal@2@@Z 0000000180010ad0 f   task_group_context.obj
 0001:0000fc00       ?bind_to@task_group_context@tbb@@QEAAXPEAVgeneric_scheduler@internal@2@@Z 0000000180010c00 f   task_group_context.obj
 0001:0000fd60       ?cancel_group_execution@task_group_context@tbb@@QEAA_NXZ 0000000180010d60 f   task_group_context.obj
 0001:0000feb0       ?is_group_execution_cancelled@task_group_context@tbb@@QEBA_NXZ 0000000180010eb0 f   task_group_context.obj
 0001:0000fec0       ?reset@task_group_context@tbb@@QEAAXXZ 0000000180010ec0 f   task_group_context.obj
 0001:0000ff30       ?capture_fp_settings@task_group_context@tbb@@QEAAXXZ 0000000180010f30 f   task_group_context.obj
 0001:0000ff70       ?register_pending_exception@task_group_context@tbb@@QEAAXXZ 0000000180010f70 f   task_group_context.obj
 0001:0000ffa0       ?set_priority@task_group_context@tbb@@QEAAXW4priority_t@2@@Z 0000000180010fa0 f   task_group_context.obj
 0001:00010140       ?priority@task_group_context@tbb@@QEBA?AW4priority_t@2@XZ 0000000180011140 f   task_group_context.obj
 0001:00010160       ??$spin_wait_until_eq@U?$atomic@_K@tbb@@I@internal@tbb@@YAXAEDU?$atomic@_K@1@I@Z 0000000180011160 f i task_group_context.obj
 0001:000101c0       ??$propagate_task_group_state@_K@generic_scheduler@internal@tbb@@QEAAXPEQtask_group_context@2@_KAEAV32@_K@Z 00000001800111c0 f i task_group_context.obj
 0001:000102c0       ??$propagate_task_group_state@_J@generic_scheduler@internal@tbb@@QEAAXPEQtask_group_context@2@_JAEAV32@_J@Z 00000001800112c0 f i task_group_context.obj
 0001:000103d0       ?initialize_cilk_interop@internal@tbb@@YA_NXZ 00000001800113d0 f   governor.obj
 0001:00010400       ?assume_scheduler@governor@internal@tbb@@SAXPEAVgeneric_scheduler@23@@Z 0000000180011400 f   governor.obj
 0001:00010440       ?is_set@governor@internal@tbb@@SA_NPEAVgeneric_scheduler@23@@Z 0000000180011440 f   governor.obj
 0001:000104a0       ?sign_on@governor@internal@tbb@@SAXPEAVgeneric_scheduler@23@@Z 00000001800114a0 f   governor.obj
 0001:00010530       ?one_time_init@governor@internal@tbb@@SAXXZ 0000000180011530 f   governor.obj
 0001:000105f0       ?init_scheduler@governor@internal@tbb@@SAPEAVgeneric_scheduler@23@H_K_N@Z 00000001800115f0 f   governor.obj
 0001:00010740       ?stack_op_handler@governor@internal@tbb@@SAHW4__cilk_tbb_stack_op@@PEAX@Z 0000000180011740 f   governor.obj
 0001:000107e0       ?initialize@task_scheduler_init@tbb@@QEAAXH@Z 00000001800117e0 f   governor.obj
 0001:000107f0       ?initialize@task_scheduler_init@tbb@@QEAAXH_K@Z 00000001800117f0 f   governor.obj
 0001:00010ac0       ?internal_terminate@task_scheduler_init@tbb@@AEAA_N_N@Z 0000000180011ac0 f   governor.obj
 0001:00010c00       ?terminate@task_scheduler_init@tbb@@QEAAXXZ 0000000180011c00 f   governor.obj
 0001:00010c10       ?internal_blocking_terminate@task_scheduler_init@tbb@@AEAA_N_N@Z 0000000180011c10 f   governor.obj
 0001:00010c50       ?default_num_threads@task_scheduler_init@tbb@@SAHXZ 0000000180011c50 f   governor.obj
 0001:00010c60       ??1scoped_lock@spin_rw_mutex_v3@tbb@@QEAA@XZ 0000000180011c60 f i market.obj
 0001:00010c90       ?max_job_count@market@internal@tbb@@EEBAIXZ 0000000180011c90 f i market.obj
 0001:00010ca0       ?min_stack_size@market@internal@tbb@@EEBA_KXZ 0000000180011ca0 f i market.obj
 0001:00010cb0       ?policy@market@internal@tbb@@EEBA?AW4policy_type@client@rml@@XZ 0000000180011cb0 f i market.obj
 0001:00010cb0       _get_startup_argv_mode     0000000180011cb0 f i LIBCMT:argv_mode.obj
 0001:00010cb0       ?length@charNode@@UEBAHXZ  0000000180011cb0 f i libvcruntime:undname.obj
 0001:00010cc0       ?recall_by_mandatory_request@arena@internal@tbb@@QEBA_NXZ 0000000180011cc0 f i market.obj
 0001:00010d40       ?global_market@market@internal@tbb@@CAAEAV123@_NI_K@Z 0000000180011d40 f   market.obj
 0001:000110c0       ?release@market@internal@tbb@@QEAA_N_N0@Z 00000001800120c0 f   market.obj
 0001:00011240       ?set_active_num_workers@market@internal@tbb@@SAXI@Z 0000000180012240 f   market.obj
 0001:000114f0       ?create_arena@market@internal@tbb@@SAPEAVarena@23@HH_K@Z 00000001800124f0 f   market.obj
 0001:00011650       ?try_destroy_arena@market@internal@tbb@@QEAAXPEAVarena@23@_K@Z 0000000180012650 f   market.obj
 0001:000117a0       ?reset_global_priority@market@internal@tbb@@AEAAXXZ 00000001800127a0 f i market.obj
 0001:000117d0       ?arena_in_need@market@internal@tbb@@AEAAPEAVarena@23@PEAV423@@Z 00000001800127d0 f   market.obj
 0001:00011960       ?update_allotment@market@internal@tbb@@AEAAX_J@Z 0000000180012960 f   market.obj
 0001:00011aa0       ?mandatory_concurrency_enable@market@internal@tbb@@QEAA_NPEAVarena@23@@Z 0000000180012aa0 f   market.obj
 0001:00011b90       ?mandatory_concurrency_disable@market@internal@tbb@@QEAAXPEAVarena@23@@Z 0000000180012b90 f   market.obj
 0001:00011d60       ?adjust_demand@market@internal@tbb@@QEAAXAEAVarena@23@H@Z 0000000180012d60 f   market.obj
 0001:00012020       ?process@market@internal@tbb@@EEAAXAEAVjob@rml@@@Z 0000000180013020 f   market.obj
 0001:000120b0       ?cleanup@market@internal@tbb@@EEAAXAEAVjob@rml@@@Z 00000001800130b0 f   market.obj
 0001:000121c0       ?acknowledge_close_connection@market@internal@tbb@@EEAAXXZ 00000001800131c0 f   market.obj
 0001:000121e0       ?create_one_job@market@internal@tbb@@EEAAPEAVjob@rml@@XZ 00000001800131e0 f   market.obj
 0001:00012290       ?update_arena_top_priority@market@internal@tbb@@AEAAXAEAVarena@23@_J@Z 0000000180013290 f   market.obj
 0001:000123a0       ?lower_arena_priority@market@internal@tbb@@QEAA_NAEAVarena@23@_J_K@Z 00000001800133a0 f   market.obj
 0001:000124d0       ?update_arena_priority@market@internal@tbb@@QEAA_NAEAVarena@23@_J@Z 00000001800134d0 f   market.obj
 0001:000126b0       ?_RethrowException@exception_ptr@std@@QEBAXXZ 00000001800136b0 f i arena.obj
 0001:000126c0       ?rethrow_exception@std@@YAXVexception_ptr@1@@Z 00000001800136c0 f i arena.obj
 0001:000126e0       ?throw_self@tbb_exception_ptr@internal@tbb@@QEAAXXZ 00000001800136e0 f i arena.obj
 0001:00012700       ?notify_entry_observers@observer_list@internal@tbb@@QEAAXAEAPEAVobserver_proxy@23@_N@Z 0000000180013700 f i arena.obj
 0001:00012890       ?occupy_free_slot_in_range@arena@internal@tbb@@QEAA_KAEAVgeneric_scheduler@23@_K1@Z 0000000180013890 f   arena.obj
 0001:00012980       ?process@arena@internal@tbb@@QEAAXAEAVgeneric_scheduler@23@@Z 0000000180013980 f   arena.obj
 0001:00012bb0       ??0arena@internal@tbb@@QEAA@AEAVmarket@12@II@Z 0000000180013bb0 f   arena.obj
 0001:00012e20       ??1?$padded@Uarena_base@internal@tbb@@$0IA@@internal@tbb@@QEAA@XZ 0000000180013e20 f i arena.obj
 0001:00012e50       ?free_arena@arena@internal@tbb@@QEAAXXZ 0000000180013e50 f   arena.obj
 0001:000130b0       ?restore_priority_if_need@arena@internal@tbb@@AEAAXXZ 00000001800140b0 f   arena.obj
 0001:00013160       ?is_out_of_work@arena@internal@tbb@@QEAA_NXZ 0000000180014160 f   arena.obj
 0001:00013530       ?enqueue_task@arena@internal@tbb@@QEAAXAEAVtask@3@_JAEAVFastRandom@23@@Z 0000000180014530 f   arena.obj
 0001:00013620       ??0nested_arena_context@internal@tbb@@QEAA@PEAVgeneric_scheduler@12@PEAVarena@12@_K_N3@Z 0000000180014620 f i arena.obj
 0001:00013870       ??1nested_arena_context@internal@tbb@@QEAA@XZ 0000000180014870 f i arena.obj
 0001:00013940       ?nested_arena_exit@generic_scheduler@internal@tbb@@QEAAXXZ 0000000180014940 f   arena.obj
 0001:00013ac0       ??1auto_empty_task@internal@tbb@@QEAA@XZ 0000000180014ac0 f i arena.obj
 0001:00013af0       ?internal_initialize@task_arena_base@internal@interface7@tbb@@IEAAXXZ 0000000180014af0 f   arena.obj
 0001:00013ce0       ?internal_terminate@task_arena_base@internal@interface7@tbb@@IEAAXXZ 0000000180014ce0 f   arena.obj
 0001:00013dc0       ?internal_attach@task_arena_base@internal@interface7@tbb@@IEAAXXZ 0000000180014dc0 f   arena.obj
 0001:00013e40       ?internal_enqueue@task_arena_base@internal@interface7@tbb@@IEBAXAEAVtask@4@_J@Z 0000000180014e40 f   arena.obj
 0001:00013eb0       ?execute@delegated_task@internal@interface7@tbb@@EEAAPEAVtask@4@XZ 0000000180014eb0 f i arena.obj
 0001:00013f50       ??1outermost_context@?1??execute@delegated_task@internal@interface7@tbb@@EEAAPEAVtask@5@XZ@QEAA@XZ 0000000180014f50 f i arena.obj
 0001:00013f80       ??_Gdelegated_task@internal@interface7@tbb@@EEAAPEAXI@Z 0000000180014f80 f i arena.obj
 0001:00013f80       ??_Edelegated_task@internal@interface7@tbb@@EEAAPEAXI@Z 0000000180014f80 f i * CIL library *:* CIL module *
 0001:00014110       ?internal_execute@task_arena_base@internal@interface7@tbb@@IEBAXAEAVdelegate_base@234@@Z 0000000180015110 f   arena.obj
 0001:000147d0       ?execute@wait_task@internal@interface7@tbb@@EEAAPEAVtask@4@XZ 00000001800157d0 f i arena.obj
 0001:00014840       ??_G?$function_task@Vspawn_functor@graph@interface10@flow@tbb@@@internal@tbb@@UEAAPEAXI@Z 0000000180015840 f i arena.obj
 0001:00014840       ??_Ewait_task@internal@interface7@tbb@@UEAAPEAXI@Z 0000000180015840 f i * CIL library *:* CIL module *
 0001:00014840       ??_E?$function_task@Vspawn_functor@graph@interface10@flow@tbb@@@internal@tbb@@UEAAPEAXI@Z 0000000180015840 f i * CIL library *:* CIL module *
 0001:00014840       ??_Gwait_task@internal@interface7@tbb@@UEAAPEAXI@Z 0000000180015840 f i arena.obj
 0001:00014870       ?internal_wait@task_arena_base@internal@interface7@tbb@@IEBAXXZ 0000000180015870 f   arena.obj
 0001:00014c70       ?internal_current_slot@task_arena_base@internal@interface7@tbb@@KAHXZ 0000000180015c70 f   arena.obj
 0001:00014ca0       ??1isolation_guard@internal@interface7@tbb@@QEAA@XZ 0000000180015ca0 f i arena.obj
 0001:00014cb0       ?isolate_within_arena@internal@interface7@tbb@@YAXAEAVdelegate_base@123@_J@Z 0000000180015cb0 f   arena.obj
 0001:00014d30       ?internal_max_concurrency@task_arena_base@internal@interface7@tbb@@KAHPEBVtask_arena@34@@Z 0000000180015d30 f   arena.obj
 0001:00014d80       ??1?$context_guard_helper@$0A@@internal@tbb@@QEAA@XZ 0000000180015d80 f i arena.obj
 0001:00014dc0       ?execute@?$function_task@Vspawn_functor@graph@interface10@flow@tbb@@@internal@tbb@@EEAAPEAVtask@3@XZ 0000000180015dc0 f i arena.obj
 0001:00014de0       ?push@?$task_stream@$02@internal@tbb@@QEAAXPEAVtask@3@HAEAVFastRandom@23@@Z 0000000180015de0 f i arena.obj
 0001:00014f70       ??1?$task_stream@$02@internal@tbb@@QEAA@XZ 0000000180015f70 f i arena.obj
 0001:00014ff0       ??0?$padded@U?$queue_and_mutex@PEAVtask@tbb@@Vspin_mutex@2@@internal@tbb@@$0IA@@internal@tbb@@QEAA@XZ 0000000180015ff0 f i arena.obj
 0001:00015050       ??1?$padded@U?$queue_and_mutex@PEAVtask@tbb@@Vspin_mutex@2@@internal@tbb@@$0IA@@internal@tbb@@QEAA@XZ 0000000180016050 f i arena.obj
 0001:00015100       ?_Growmap@?$deque@PEAVtask@tbb@@V?$tbb_allocator@PEAVtask@tbb@@@2@@std@@IEAAX_K@Z 0000000180016100 f i arena.obj
 0001:00015340       ?_Xlen@?$deque@PEAVtask@tbb@@V?$tbb_allocator@PEAVtask@tbb@@@2@@std@@IEBAXXZ 0000000180016340 f i arena.obj
 0001:00015360       ??$advertise_new_work@$01@arena@internal@tbb@@QEAAXXZ 0000000180016360 f i arena.obj
 0001:00015440       ??$on_thread_leaving@$00@arena@internal@tbb@@QEAAXXZ 0000000180016440 f i arena.obj
 0001:000154d0       ??$occupy_free_slot@$0A@@arena@internal@tbb@@QEAA_KAEAVgeneric_scheduler@12@@Z 00000001800164d0 f i arena.obj
 0001:00015590       ?allocate_task_pool@arena_slot@internal@tbb@@QEAAX_K@Z 0000000180016590 f i scheduler.obj
 0001:00015620       ??1scheduler@internal@tbb@@UEAA@XZ 0000000180016620 f   scheduler.obj
 0001:00015630       ??0generic_scheduler@internal@tbb@@IEAA@AEAVmarket@12@@Z 0000000180016630 f   scheduler.obj
 0001:00015820       ??_Egeneric_scheduler@internal@tbb@@UEAAPEAXI@Z 0000000180016820 f i * CIL library *:* CIL module *
 0001:00015820       ??_G?$custom_scheduler@UIntelSchedulerTraits@internal@tbb@@@internal@tbb@@UEAAPEAXI@Z 0000000180016820 f i scheduler.obj
 0001:00015820       ??_E?$custom_scheduler@UDefaultSchedulerTraits@internal@tbb@@@internal@tbb@@UEAAPEAXI@Z 0000000180016820 f i * CIL library *:* CIL module *
 0001:00015820       ??_E?$custom_scheduler@UIntelSchedulerTraits@internal@tbb@@@internal@tbb@@UEAAPEAXI@Z 0000000180016820 f i * CIL library *:* CIL module *
 0001:00015820       ??_Ggeneric_scheduler@internal@tbb@@UEAAPEAXI@Z 0000000180016820 f i scheduler.obj
 0001:00015820       ??_G?$custom_scheduler@UDefaultSchedulerTraits@internal@tbb@@@internal@tbb@@UEAAPEAXI@Z 0000000180016820 f i scheduler.obj
 0001:00015850       ?free_scheduler@generic_scheduler@internal@tbb@@QEAAXXZ 0000000180016850 f   scheduler.obj
 0001:00015a40       ?allocate_task@generic_scheduler@internal@tbb@@QEAAAEAVtask@3@_KPEAV43@PEAVtask_group_context@3@@Z 0000000180016a40 f   scheduler.obj
 0001:00015b70       ?free_nonlocal_small_task@generic_scheduler@internal@tbb@@QEAAXAEAVtask@3@@Z 0000000180016b70 f   scheduler.obj
 0001:00015c20       ?prepare_task_pool@generic_scheduler@internal@tbb@@QEAA_K_K@Z 0000000180016c20 f i scheduler.obj
 0001:00015e60       ?acquire_task_pool@generic_scheduler@internal@tbb@@QEBAXXZ 0000000180016e60 f i scheduler.obj
 0001:00015f20       ?release_task_pool@generic_scheduler@internal@tbb@@QEBAXXZ 0000000180016f20 f i scheduler.obj
 0001:00015f60       ?prepare_for_spawning@generic_scheduler@internal@tbb@@QEAAPEAVtask@3@PEAV43@@Z 0000000180016f60 f i scheduler.obj
 0001:000160b0       ?local_spawn@generic_scheduler@internal@tbb@@QEAAXPEAVtask@3@AEAPEAV43@@Z 00000001800170b0 f   scheduler.obj
 0001:00016400       ?spawn@generic_scheduler@internal@tbb@@UEAAXAEAVtask@3@AEAPEAV43@@Z 0000000180017400 f   scheduler.obj
 0001:00016450       ?spawn_root_and_wait@generic_scheduler@internal@tbb@@UEAAXAEAVtask@3@AEAPEAV43@@Z 0000000180017450 f   scheduler.obj
 0001:00016550       ?enqueue@generic_scheduler@internal@tbb@@UEAAXAEAVtask@3@PEAX@Z 0000000180017550 f   scheduler.obj
 0001:000165b0       ??1auto_indicator@internal@tbb@@QEAA@XZ 00000001800175b0 f i scheduler.obj
 0001:000165c0       ?get_task_and_activate_task_pool@generic_scheduler@internal@tbb@@QEAAPEAVtask@3@_K0_J@Z 00000001800175c0 f   scheduler.obj
 0001:000166e0       ?winnow_task_pool@generic_scheduler@internal@tbb@@QEAAPEAVtask@3@_J@Z 00000001800176e0 f   scheduler.obj
 0001:000167c0       ?reload_tasks@generic_scheduler@internal@tbb@@QEAAPEAVtask@3@AEAPEAV43@AEAPEAPEAV43@_J2@Z 00000001800177c0 f   scheduler.obj
 0001:00016a70       ?reload_tasks@generic_scheduler@internal@tbb@@QEAAPEAVtask@3@_J@Z 0000000180017a70 f   scheduler.obj
 0001:00016bb0       ?get_task@generic_scheduler@internal@tbb@@QEAAPEAVtask@3@_K_JAEA_N@Z 0000000180017bb0 f i scheduler.obj
 0001:00016cc0       ?get_task@generic_scheduler@internal@tbb@@QEAAPEAVtask@3@_J@Z 0000000180017cc0 f i scheduler.obj
 0001:00016f30       ?steal_task@generic_scheduler@internal@tbb@@QEAAPEAVtask@3@_J@Z 0000000180017f30 f   scheduler.obj
 0001:00017080       ?steal_task_from@generic_scheduler@internal@tbb@@QEAAPEAVtask@3@AEAUarena_slot@23@_J@Z 0000000180018080 f   scheduler.obj
 0001:00017270       ?get_mailbox_task@generic_scheduler@internal@tbb@@QEAAPEAVtask@3@_J@Z 0000000180018270 f   scheduler.obj
 0001:000173e0       ?leave_task_pool@generic_scheduler@internal@tbb@@QEAAXXZ 00000001800183e0 f i scheduler.obj
 0001:00017440       ?create_master@generic_scheduler@internal@tbb@@SAPEAV123@PEAVarena@23@@Z 0000000180018440 f   scheduler.obj
 0001:00017690       ?cleanup_master@generic_scheduler@internal@tbb@@QEAA_N_N@Z 0000000180018690 f   scheduler.obj
 0001:00017860       ?copy_memory@?$fast_reverse_vector@PEAVtask@tbb@@$0BA@@internal@tbb@@QEBAXPEAPEAVtask@3@@Z 0000000180018860 f i scheduler.obj
 0001:00017920       ??1?$fast_reverse_vector@PEAVtask@tbb@@$0BA@@internal@tbb@@QEAA@XZ 0000000180018920 f i scheduler.obj
 0001:00017980       ?allocate_scheduler@?$custom_scheduler@UIntelSchedulerTraits@internal@tbb@@@internal@tbb@@SAPEAVgeneric_scheduler@23@AEAVmarket@23@@Z 0000000180018980 f i scheduler.obj
 0001:00017a10       ?wait_for_all@?$custom_scheduler@UIntelSchedulerTraits@internal@tbb@@@internal@tbb@@EEAAXAEAVtask@3@PEAV43@@Z 0000000180018a10 f i scheduler.obj
 0001:00017a60       ?allocate_scheduler@?$custom_scheduler@UDefaultSchedulerTraits@internal@tbb@@@internal@tbb@@SAPEAVgeneric_scheduler@23@AEAVmarket@23@@Z 0000000180018a60 f i scheduler.obj
 0001:00017af0       ?wait_for_all@?$custom_scheduler@UDefaultSchedulerTraits@internal@tbb@@@internal@tbb@@EEAAXAEAVtask@3@PEAV43@@Z 0000000180018af0 f i scheduler.obj
 0001:00017b40       ?local_wait_for_all@?$custom_scheduler@UDefaultSchedulerTraits@internal@tbb@@@internal@tbb@@EEAAXAEAVtask@3@PEAV43@@Z 0000000180018b40 f i scheduler.obj
 0001:000184a0       ?receive_or_steal_task@?$custom_scheduler@UDefaultSchedulerTraits@internal@tbb@@@internal@tbb@@UEAAPEAVtask@3@AEA_J_J@Z 00000001800194a0 f i scheduler.obj
 0001:000189d0       ?local_wait_for_all@?$custom_scheduler@UIntelSchedulerTraits@internal@tbb@@@internal@tbb@@EEAAXAEAVtask@3@PEAV43@@Z 00000001800199d0 f i scheduler.obj
 0001:00019180       ?receive_or_steal_task@?$custom_scheduler@UIntelSchedulerTraits@internal@tbb@@@internal@tbb@@UEAAPEAVtask@3@AEA_J_J@Z 000000018001a180 f i scheduler.obj
 0001:00019610       ??$advertise_new_work@$0A@@arena@internal@tbb@@QEAAXXZ 000000018001a610 f i scheduler.obj
 0001:000196c0       ?set_ctx@?$context_guard_helper@$00@internal@tbb@@QEAAXPEBVtask_group_context@3@@Z 000000018001a6c0 f i scheduler.obj
 0001:00019740       ??1?$context_guard_helper@$00@internal@tbb@@QEAA@XZ 000000018001a740 f i scheduler.obj
 0001:000197b0       ?pop@?$task_stream@$02@internal@tbb@@QEAAPEAVtask@3@HAEAI@Z 000000018001a7b0 f i scheduler.obj
 0001:000198e0       ?insert@observer_list@internal@tbb@@QEAAXPEAVobserver_proxy@23@@Z 000000018001a8e0 f   observer_proxy.obj
 0001:00019970       ?remove_ref@observer_list@internal@tbb@@QEAAXPEAVobserver_proxy@23@@Z 000000018001a970 f   observer_proxy.obj
 0001:00019a40       ?do_notify_exit_observers@observer_list@internal@tbb@@AEAAXPEAVobserver_proxy@23@_N@Z 000000018001aa40 f   observer_proxy.obj
 0001:00019bc0       ?observe@task_scheduler_observer_v3@internal@tbb@@QEAAX_N@Z 000000018001abc0 f   observer_proxy.obj
 0001:00019e70       ?add_ref@__TBB_InitOnce@internal@tbb@@SAXXZ 000000018001ae70 f   tbb_main.obj
 0001:00019ee0       ?remove_ref@__TBB_InitOnce@internal@tbb@@SAXXZ 000000018001aee0 f   tbb_main.obj
 0001:00019fa0       ?ITT_DoUnsafeOneTimeInitialization@internal@tbb@@YAXXZ 000000018001afa0 f   tbb_main.obj
 0001:0001a0c0       ITT_DoOneTimeInitialization 000000018001b0c0 f   tbb_main.obj
 0001:0001a140       ?DoOneTimeInitializations@internal@tbb@@YAXXZ 000000018001b140 f   tbb_main.obj
 0001:0001a450       DllMain                    000000018001b450 f   tbb_main.obj
 0001:0001a540       ?itt_store_pointer_with_release_v3@internal@tbb@@YAXPEAX0@Z 000000018001b540 f   tbb_main.obj
 0001:0001a580       ?itt_load_pointer_with_acquire_v3@internal@tbb@@YAPEAXPEBX@Z 000000018001b580 f   tbb_main.obj
 0001:0001a5a0       ?call_itt_notify_v5@internal@tbb@@YAXHPEAX@Z 000000018001b5a0 f   tbb_main.obj
 0001:0001a5f0       ?itt_make_task_group_v7@internal@tbb@@YAXW4itt_domain_enum@12@PEAX_K12W4string_index@12@@Z 000000018001b5f0 f   tbb_main.obj
 0001:0001a770       ?itt_metadata_str_add_v7@internal@tbb@@YAXW4itt_domain_enum@12@PEAX_KW4string_index@12@PEBD@Z 000000018001b770 f   tbb_main.obj
 0001:0001a850       ?itt_relation_add_v7@internal@tbb@@YAXW4itt_domain_enum@12@PEAX_KW4itt_relation@12@12@Z 000000018001b850 f   tbb_main.obj
 0001:0001a940       ?itt_task_begin_v7@internal@tbb@@YAXW4itt_domain_enum@12@PEAX_K12W4string_index@12@@Z 000000018001b940 f   tbb_main.obj
 0001:0001aa60       ?itt_task_end_v7@internal@tbb@@YAXW4itt_domain_enum@12@@Z 000000018001ba60 f   tbb_main.obj
 0001:0001aab0       ?itt_region_begin_v9@internal@tbb@@YAXW4itt_domain_enum@12@PEAX_K12W4string_index@12@@Z 000000018001bab0 f   tbb_main.obj
 0001:0001aba0       ?itt_region_end_v9@internal@tbb@@YAXW4itt_domain_enum@12@PEAX_K@Z 000000018001bba0 f   tbb_main.obj
 0001:0001ac30       ??$?CV__ExceptionPtr@@$0A@@?$shared_ptr@V__ExceptionPtr@@@std@@QEBAPEAV__ExceptionPtr@@XZ 000000018001bc30 f   libcpmt:excptptr.obj
 0001:0001ac30       ?itt_load_pointer_v3@internal@tbb@@YAPEAXPEBX@Z 000000018001bc30 f   tbb_main.obj
 0001:0001ac40       ?itt_set_sync_name_v3@internal@tbb@@YAXPEAXPEB_W@Z 000000018001bc40 f   tbb_main.obj
 0001:0001ac50       ?is_first_arg_preferred@control_storage@internal@tbb@@MEBA_N_K0@Z 000000018001bc50 f i tbb_main.obj
 0001:0001ac60       ?active_value@control_storage@internal@tbb@@MEBA_KXZ 000000018001bc60 f i tbb_main.obj
 0001:0001ac80       ?default_value@allowed_parallelism_control@internal@tbb@@EEBA_KXZ 000000018001bc80 f i tbb_main.obj
 0001:0001aca0       ?is_first_arg_preferred@allowed_parallelism_control@internal@tbb@@EEBA_N_K0@Z 000000018001bca0 f i tbb_main.obj
 0001:0001acb0       ?apply_active@allowed_parallelism_control@internal@tbb@@EEBAXXZ 000000018001bcb0 f i tbb_main.obj
 0001:0001acc0       ?active_value@allowed_parallelism_control@internal@tbb@@EEBA_KXZ 000000018001bcc0 f i tbb_main.obj
 0001:0001ad80       ?default_value@stack_size_control@internal@tbb@@EEBA_KXZ 000000018001bd80 f i tbb_main.obj
 0001:0001ad90       ?internal_create@global_control@interface9@tbb@@AEAAXXZ 000000018001bd90 f   tbb_main.obj
 0001:0001af00       ?internal_destroy@global_control@interface9@tbb@@AEAAXXZ 000000018001bf00 f   tbb_main.obj
 0001:0001b0d0       ?active_value@global_control@interface9@tbb@@CA_KH@Z 000000018001c0d0 f   tbb_main.obj
 0001:0001b180       ?internal_grow_to_at_least@concurrent_vector_base@internal@tbb@@IEAAX_K0P6AXPEAX0@Z@Z 000000018001c180 f   concurrent_vector_v2.obj
 0001:0001b1c0       ?extend_segment_if_necessary@helper@concurrent_vector_base@internal@tbb@@SAXAEAV234@_K@Z 000000018001c1c0 f i concurrent_vector_v2.obj
 0001:0001b290       ?internal_capacity@concurrent_vector_base@internal@tbb@@IEBA_KXZ 000000018001c290 f   concurrent_vector_v2.obj
 0001:0001b2e0       ?internal_reserve@concurrent_vector_base@internal@tbb@@IEAAX_K00@Z 000000018001c2e0 f   concurrent_vector_v2.obj
 0001:0001b440       ?internal_copy@concurrent_vector_base@internal@tbb@@IEAAXAEBV123@_KP6AXPEAXPEBX1@Z@Z 000000018001c440 f   concurrent_vector_v2.obj
 0001:0001b570       ?internal_assign@concurrent_vector_base@internal@tbb@@IEAAXAEBV123@_KP6AXPEAX1@ZP6AX2PEBX1@Z5@Z 000000018001c570 f   concurrent_vector_v2.obj
 0001:0001b760       ?internal_push_back@concurrent_vector_base@internal@tbb@@IEAAPEAX_KAEA_K@Z 000000018001c760 f   concurrent_vector_v2.obj
 0001:0001b8a0       ?internal_grow_by@concurrent_vector_base@internal@tbb@@IEAA_K_K0P6AXPEAX0@Z@Z 000000018001c8a0 f   concurrent_vector_v2.obj
 0001:0001b8d0       ?internal_grow@concurrent_vector_base@internal@tbb@@IEAAX_K00P6AXPEAX0@Z@Z 000000018001c8d0 f   concurrent_vector_v2.obj
 0001:0001ba80       ?internal_clear@concurrent_vector_base@internal@tbb@@IEAAXP6AXPEAX_K@Z_N@Z 000000018001ca80 f   concurrent_vector_v2.obj
 0001:0001bb90       ??1push_finalizer@micro_queue@internal@tbb@@QEAA@XZ 000000018001cb90 f i concurrent_queue_v2.obj
 0001:0001bba0       ??1pop_finalizer@micro_queue@internal@tbb@@QEAA@XZ 000000018001cba0 f i concurrent_queue_v2.obj
 0001:0001bc70       ?push@micro_queue@internal@tbb@@QEAAXPEBX_KAEAVconcurrent_queue_base@23@@Z 000000018001cc70 f   concurrent_queue_v2.obj
 0001:0001bdd0       ?pop@micro_queue@internal@tbb@@QEAA_NPEAX_KAEAVconcurrent_queue_base@23@@Z 000000018001cdd0 f   concurrent_queue_v2.obj
 0001:0001bf50       ??0concurrent_queue_base@internal@tbb@@IEAA@_K@Z 000000018001cf50 f   concurrent_queue_v2.obj
 0001:0001c020       ??_Gconcurrent_queue_base@internal@tbb@@MEAAPEAXI@Z 000000018001d020 f i concurrent_queue_v2.obj
 0001:0001c020       ??_Econcurrent_queue_base@internal@tbb@@MEAAPEAXI@Z 000000018001d020 f i * CIL library *:* CIL module *
 0001:0001c0b0       ??1concurrent_queue_base@internal@tbb@@MEAA@XZ 000000018001d0b0 f   concurrent_queue_v2.obj
 0001:0001c120       ?internal_push@concurrent_queue_base@internal@tbb@@IEAAXPEBX@Z 000000018001d120 f   concurrent_queue_v2.obj
 0001:0001c1f0       ?internal_pop@concurrent_queue_base@internal@tbb@@IEAAXPEAX@Z 000000018001d1f0 f   concurrent_queue_v2.obj
 0001:0001c250       ?internal_pop_if_present@concurrent_queue_base@internal@tbb@@IEAA_NPEAX@Z 000000018001d250 f   concurrent_queue_v2.obj
 0001:0001c310       ?internal_push_if_not_full@concurrent_queue_base@internal@tbb@@IEAA_NPEBX@Z 000000018001d310 f   concurrent_queue_v2.obj
 0001:0001c3e0       ?internal_size@concurrent_queue_base@internal@tbb@@IEBA_JXZ 000000018001d3e0 f   concurrent_queue_v2.obj
 0001:0001c400       ??0concurrent_queue_iterator_base@internal@tbb@@IEAA@AEBVconcurrent_queue_base@12@@Z 000000018001d400 f   concurrent_queue_v2.obj
 0001:0001c4e0       ?assign@concurrent_queue_iterator_base@internal@tbb@@IEAAXAEBV123@@Z 000000018001d4e0 f   concurrent_queue_v2.obj
 0001:0001c580       ?advance@concurrent_queue_iterator_base@internal@tbb@@IEAAXXZ 000000018001d580 f   concurrent_queue_v2.obj
 0001:0001c620       ??1concurrent_queue_iterator_base@internal@tbb@@IEAA@XZ 000000018001d620 f   concurrent_queue_v2.obj
 0001:0001c650       ?internal_itt_releasing@spin_rw_mutex@tbb@@CAXPEAV12@@Z 000000018001d650 f   spin_rw_mutex_v2.obj
 0001:0001c660       ?internal_release_writer@spin_rw_mutex@tbb@@CAXPEAV12@@Z 000000018001d660 f   spin_rw_mutex_v2.obj
 0001:0001c6a0       ?internal_acquire_reader@spin_rw_mutex@tbb@@CAXPEAV12@@Z 000000018001d6a0 f   spin_rw_mutex_v2.obj
 0001:0001c750       ?internal_upgrade@spin_rw_mutex@tbb@@CA_NPEAV12@@Z 000000018001d750 f   spin_rw_mutex_v2.obj
 0001:0001c910       ?internal_downgrade@spin_rw_mutex@tbb@@CAXPEAV12@@Z 000000018001d910 f   spin_rw_mutex_v2.obj
 0001:0001c950       ?internal_try_acquire_reader@spin_rw_mutex@tbb@@CA_NPEAV12@@Z 000000018001d950 f   spin_rw_mutex_v2.obj
 0001:0001c9d0       ?destroy@task@tbb@@QEAAXAEAV12@@Z 000000018001d9d0 f   task_v2.obj
 0001:0001cac0       __TBB_machine_fetchadd1    000000018001dac0     atomic_support.obj
 0001:0001cac8       __TBB_machine_fetchstore1  000000018001dac8     atomic_support.obj
 0001:0001cad0       __TBB_machine_cmpswp1      000000018001dad0     atomic_support.obj
 0001:0001cad8       __TBB_machine_fetchadd2    000000018001dad8     atomic_support.obj
 0001:0001cae8       __TBB_machine_fetchstore2  000000018001dae8     atomic_support.obj
 0001:0001caf0       __TBB_machine_cmpswp2      000000018001daf0     atomic_support.obj
 0001:0001cb00       __TBB_machine_pause        000000018001db00     atomic_support.obj
 0001:0001cb10       __TBB_get_cpu_ctl_env      000000018001db10     intel64_misc.obj
 0001:0001cb18       __TBB_set_cpu_ctl_env      000000018001db18     intel64_misc.obj
 0001:0001cb20       __TBB_machine_try_lock_elided 000000018001db20     itsx.obj
 0001:0001cb30       __TBB_machine_unlock_elided 000000018001db30     itsx.obj
 0001:0001cb38       __TBB_machine_begin_transaction 000000018001db38     itsx.obj
 0001:0001cb48       __TBB_machine_end_transaction 000000018001db48     itsx.obj
 0001:0001cb50       __TBB_machine_transaction_conflict_abort 000000018001db50     itsx.obj
 0001:0001cb58       __TBB_machine_is_in_transaction 000000018001db58     itsx.obj
 0001:0001cb64       ??$allocate_shared@V__ExceptionPtr@@U?$_StaticAllocator@H@@AEAPEAUEHExceptionRecord@@_N@std@@YA?AV?$shared_ptr@V__ExceptionPtr@@@0@AEBU?$_StaticAllocator@H@@AEAPEAUEHExceptionRecord@@$$QEA_N@Z 000000018001db64 f i libcpmt:excptptr.obj
 0001:0001cbf8       ??$make_shared@V__ExceptionPtr@@AEAPEAUEHExceptionRecord@@_N@std@@YA?AV?$shared_ptr@V__ExceptionPtr@@@0@AEAPEAUEHExceptionRecord@@$$QEA_N@Z 000000018001dbf8 f i libcpmt:excptptr.obj
 0001:0001cc88       ??0__ExceptionPtr@@QEAA@PEBUEHExceptionRecord@@_N@Z 000000018001dc88 f   libcpmt:excptptr.obj
 0001:0001ce08       ??0bad_exception@std@@QEAA@AEBV01@@Z 000000018001de08 f i libcpmt:excptptr.obj
 0001:0001ce48       ??0bad_exception@std@@QEAA@XZ 000000018001de48 f i libcpmt:excptptr.obj
 0001:0001ce68       ??1__ExceptionPtr@@QEAA@XZ 000000018001de68 f   libcpmt:excptptr.obj
 0001:0001cf20       ??4?$shared_ptr@V__ExceptionPtr@@@std@@QEAAAEAV01@$$QEAV01@@Z 000000018001df20 f i libcpmt:excptptr.obj
 0001:0001cf9c       ??_E?$_Ref_count_obj@V__ExceptionPtr@@@std@@UEAAPEAXI@Z 000000018001df9c f i libcpmt:excptptr.obj
 0001:0001cf9c       ??_E?$_Ref_count_obj_alloc@V__ExceptionPtr@@U?$_StaticAllocator@H@@@std@@UEAAPEAXI@Z 000000018001df9c f i libcpmt:excptptr.obj
 0001:0001cf9c       ??_G?$_Ref_count_obj_alloc@V__ExceptionPtr@@U?$_StaticAllocator@H@@@std@@UEAAPEAXI@Z 000000018001df9c f i libcpmt:excptptr.obj
 0001:0001cf9c       ??_G?$_Ref_count_obj@V__ExceptionPtr@@@std@@UEAAPEAXI@Z 000000018001df9c f i libcpmt:excptptr.obj
 0001:0001cfc0       ??_G?$shared_ptr@V__ExceptionPtr@@@std@@QEAAPEAXI@Z 000000018001dfc0 f i libcpmt:excptptr.obj
 0001:0001d03c       ?_BadAllocException@__ExceptionPtr@@SAAEBV?$shared_ptr@V__ExceptionPtr@@@std@@XZ 000000018001e03c f   libcpmt:excptptr.obj
 0001:0001d070       ?_CallCopyCtor@__ExceptionPtr@@AEBAXPEAX0_KQEBU_s_CatchableType@@@Z 000000018001e070 f   libcpmt:excptptr.obj
 0001:0001d15c       ?_CallMemberFunction0@@YAXQEAX0@Z 000000018001e15c f i libcpmt:excptptr.obj
 0001:0001d160       ?_CallMemberFunction1@@YAXQEAX00@Z 000000018001e160 f i libcpmt:excptptr.obj
 0001:0001d16c       ?_CallMemberFunction2@@YAXQEAX00H@Z 000000018001e16c f i libcpmt:excptptr.obj
 0001:0001d17c       ?_CopyException@__ExceptionPtr@@SA?AV?$shared_ptr@V__ExceptionPtr@@@std@@PEBXPEBU_s_ThrowInfo@@@Z 000000018001e17c f   libcpmt:excptptr.obj
 0001:0001d1d4       ?_CurrentException@__ExceptionPtr@@SA?AV?$shared_ptr@V__ExceptionPtr@@@std@@XZ 000000018001e1d4 f   libcpmt:excptptr.obj
 0001:0001d258       ?_Delete_this@?$_Ref_count_obj@V__ExceptionPtr@@@std@@EEAAXXZ 000000018001e258 f i libcpmt:excptptr.obj
 0001:0001d278       ?_Delete_this@?$_Ref_count_obj_alloc@V__ExceptionPtr@@U?$_StaticAllocator@H@@@std@@EEAAXXZ 000000018001e278 f i libcpmt:excptptr.obj
 0001:0001d288       ?_Destroy@?$_Ref_count_obj@V__ExceptionPtr@@@std@@EEAAXXZ 000000018001e288 f i libcpmt:excptptr.obj
 0001:0001d288       ?_Destroy@?$_Ref_count_obj_alloc@V__ExceptionPtr@@U?$_StaticAllocator@H@@@std@@EEAAXXZ 000000018001e288 f i libcpmt:excptptr.obj
 0001:0001d294       ?_InitBadAllocException@__ExceptionPtr@@CA?AV?$shared_ptr@V__ExceptionPtr@@@std@@XZ 000000018001e294 f   libcpmt:excptptr.obj
 0001:0001d32c       ?_PlacementInitBadAllocException@__ExceptionPtr@@CAHPEAX0PEAPEAX@Z 000000018001e32c f i libcpmt:excptptr.obj
 0001:0001d34c       ?_PopulateExceptionRecord@__ExceptionPtr@@SAPEAUEHExceptionRecord@@AEAU2@PEBXPEBU_s_ThrowInfo@@@Z 000000018001e34c f   libcpmt:excptptr.obj
 0001:0001d3dc       ?_RethrowException@__ExceptionPtr@@QEBAXXZ 000000018001e3dc f   libcpmt:excptptr.obj
 0001:0001d610       ?__ExceptionPtrCopy@@YAXPEAXPEBX@Z 000000018001e610 f   libcpmt:excptptr.obj
 0001:0001d638       ?__ExceptionPtrCopyException@@YAXPEAXPEBX1@Z 000000018001e638 f   libcpmt:excptptr.obj
 0001:0001d6a0       ?__ExceptionPtrCreate@@YAXPEAX@Z 000000018001e6a0 f   libcpmt:excptptr.obj
 0001:0001d6ac       ?__ExceptionPtrCurrentException@@YAXPEAX@Z 000000018001e6ac f   libcpmt:excptptr.obj
 0001:0001d734       ?__ExceptionPtrDestroy@@YAXPEAX@Z 000000018001e734 f   libcpmt:excptptr.obj
 0001:0001d73c       ?__ExceptionPtrRethrow@@YAXPEBX@Z 000000018001e73c f   libcpmt:excptptr.obj
 0001:0001d750       ?_Xlength_error@std@@YAXPEBD@Z 000000018001e750 f   libcpmt:xthrow.obj
 0001:0001d774       ?_Execute_once@std@@YAHAEAUonce_flag@1@P6AHPEAX1PEAPEAX@Z1@Z 000000018001e774 f   libcpmt:xonce.obj
 0001:0001dc4c       __crtInitOnceExecuteOnce   000000018001ec4c f   libcpmt:winapisupp.obj
 0001:0001dd30       __security_check_cookie    000000018001ed30 f   LIBCMT:amdsecgs.obj
 0001:0001dd54       ??3@YAXPEAX_K@Z            000000018001ed54 f   LIBCMT:delete_scalar_size.obj
 0001:0001dd54       ??_V@YAXPEAX@Z             000000018001ed54 f   LIBCMT:delete_array.obj
 0001:0001dd5c       ??_Etype_info@@UEAAPEAXI@Z 000000018001ed5c f i LIBCMT:std_type_info_static.obj
 0001:0001dd5c       ??_Gtype_info@@UEAAPEAXI@Z 000000018001ed5c f i LIBCMT:std_type_info_static.obj
 0001:0001dd88       __raise_securityfailure    000000018001ed88 f   LIBCMT:gs_report.obj
 0001:0001ddbc       __report_gsfailure         000000018001edbc f   LIBCMT:gs_report.obj
 0001:0001de90       __report_rangecheckfailure 000000018001ee90 f   LIBCMT:gs_report.obj
 0001:0001dea4       __report_securityfailure   000000018001eea4 f   LIBCMT:gs_report.obj
 0001:0001e024       ??2@YAPEAX_K@Z             000000018001f024 f   LIBCMT:new_scalar.obj
 0001:0001e060       ?__scrt_initialize_type_info@@YAXXZ 000000018001f060 f   LIBCMT:tncleanup.obj
 0001:0001e070       ?__scrt_uninitialize_type_info@@YAXXZ 000000018001f070 f   LIBCMT:tncleanup.obj
 0001:0001e07c       ??_V@YAXPEAX_K@Z           000000018001f07c f   LIBCMT:delete_array_size.obj
 0001:0001e084       ??_M@YAXPEAX_K1P6AX0@Z@Z   000000018001f084 f   LIBCMT:ehvecdtr.obj
 0001:0001e0f0       ?__ArrayUnwind@@YAXPEAX_K1P6AX0@Z@Z 000000018001f0f0 f   LIBCMT:ehvecdtr.obj
[...]
 0004:00003990       $pdata$??_Ggeneric_scheduler@internal@tbb@@UEAAPEAXI@Z 0000000180060990     scheduler.obj
 0004:0000399c       $pdata$?wait_for_all@?$custom_scheduler@UDefaultSchedulerTraits@internal@tbb@@@internal@tbb@@EEAAXAEAVtask@3@PEAV43@@Z 000000018006099c     scheduler.obj
 0004:000039a8       $pdata$?allocate_scheduler@?$custom_scheduler@UDefaultSchedulerTraits@internal@tbb@@@internal@tbb@@SAPEAVgeneric_scheduler@23@AEAVmarket@23@@Z 00000001800609a8     scheduler.obj
 0004:000039b4       $pdata$?wait_for_all@?$custom_scheduler@UIntelSchedulerTraits@internal@tbb@@@internal@tbb@@EEAAXAEAVtask@3@PEAV43@@Z 00000001800609b4     scheduler.obj
 0004:000039c0       $pdata$?allocate_scheduler@?$custom_scheduler@UIntelSchedulerTraits@internal@tbb@@@internal@tbb@@SAPEAVgeneric_scheduler@23@AEAVmarket@23@@Z 00000001800609c0     scheduler.obj
 0004:000039cc       $pdata$??1?$fast_reverse_vector@PEAVtask@tbb@@$0BA@@internal@tbb@@QEAA@XZ 00000001800609cc     scheduler.obj
 0004:000039d8       $pdata$?copy_memory@?$fast_reverse_vector@PEAVtask@tbb@@$0BA@@internal@tbb@@QEBAXPEAPEAVtask@3@@Z 00000001800609d8     scheduler.obj
 0004:000039e4       $pdata$0$?copy_memory@?$fast_reverse_vector@PEAVtask@tbb@@$0BA@@internal@tbb@@QEBAXPEAPEAVtask@3@@Z 00000001800609e4     scheduler.obj
 0004:000039f0       $pdata$1$?copy_memory@?$fast_reverse_vector@PEAVtask@tbb@@$0BA@@internal@tbb@@QEBAXPEAPEAVtask@3@@Z 00000001800609f0     scheduler.obj
 0004:000039fc       $pdata$?leave_task_pool@generic_scheduler@internal@tbb@@QEAAXXZ 00000001800609fc     scheduler.obj
 0004:00003a08       $pdata$?get_mailbox_task@generic_scheduler@internal@tbb@@QEAAPEAVtask@3@_J@Z 0000000180060a08     scheduler.obj
 0004:00003a14       $pdata$?steal_task_from@generic_scheduler@internal@tbb@@QEAAPEAVtask@3@AEAUarena_slot@23@_J@Z 0000000180060a14     scheduler.obj
 0004:00003a20       $pdata$1$?steal_task_from@generic_scheduler@internal@tbb@@QEAAPEAVtask@3@AEAUarena_slot@23@_J@Z 0000000180060a20     scheduler.obj
 0004:00003a2c       $pdata$2$?steal_task_from@generic_scheduler@internal@tbb@@QEAAPEAVtask@3@AEAUarena_slot@23@_J@Z 0000000180060a2c     scheduler.obj
 0004:00003a38       $pdata$3$?steal_task_from@generic_scheduler@internal@tbb@@QEAAPEAVtask@3@AEAUarena_slot@23@_J@Z 0000000180060a38     scheduler.obj
 0004:00003a44       $pdata$?steal_task@generic_scheduler@internal@tbb@@QEAAPEAVtask@3@_J@Z 0000000180060a44     scheduler.obj
 0004:00003a50       $pdata$?get_task@generic_scheduler@internal@tbb@@QEAAPEAVtask@3@_J@Z 0000000180060a50     scheduler.obj
 0004:00003a5c       $pdata$?get_task@generic_scheduler@internal@tbb@@QEAAPEAVtask@3@_K_JAEA_N@Z 0000000180060a5c     scheduler.obj
 0004:00003a68       $pdata$?reload_tasks@generic_scheduler@internal@tbb@@QEAAPEAVtask@3@_J@Z 0000000180060a68     scheduler.obj
 0004:00003a74       $pdata$2$?reload_tasks@generic_scheduler@internal@tbb@@QEAAPEAVtask@3@_J@Z 0000000180060a74     scheduler.obj
 0004:00003a80       $pdata$3$?reload_tasks@generic_scheduler@internal@tbb@@QEAAPEAVtask@3@_J@Z 0000000180060a80     scheduler.obj
 0004:00003a8c       $pdata$?reload_tasks@generic_scheduler@internal@tbb@@QEAAPEAVtask@3@AEAPEAV43@AEAPEAPEAV43@_J2@Z 0000000180060a8c     scheduler.obj
 0004:00003a98       $pdata$?winnow_task_pool@generic_scheduler@internal@tbb@@QEAAPEAVtask@3@_J@Z 0000000180060a98     scheduler.obj
 0004:00003aa4       $pdata$?get_task_and_activate_task_pool@generic_scheduler@internal@tbb@@QEAAPEAVtask@3@_K0_J@Z 0000000180060aa4     scheduler.obj
 0004:00003ab0       $pdata$?enqueue@generic_scheduler@internal@tbb@@UEAAXAEAVtask@3@PEAX@Z 0000000180060ab0     scheduler.obj
 0004:00003abc       $pdata$?spawn_root_and_wait@generic_scheduler@internal@tbb@@UEAAXAEAVtask@3@AEAPEAV43@@Z 0000000180060abc     scheduler.obj
 0004:00003ac8       $pdata$?spawn@generic_scheduler@internal@tbb@@UEAAXAEAVtask@3@AEAPEAV43@@Z 0000000180060ac8     scheduler.obj
 0004:00003ad4       $pdata$?prepare_for_spawning@generic_scheduler@internal@tbb@@QEAAPEAVtask@3@PEAV43@@Z 0000000180060ad4     scheduler.obj
 0004:00003ae0       $pdata$1$?prepare_for_spawning@generic_scheduler@internal@tbb@@QEAAPEAVtask@3@PEAV43@@Z 0000000180060ae0     scheduler.obj
 0004:00003aec       $pdata$2$?prepare_for_spawning@generic_scheduler@internal@tbb@@QEAAPEAVtask@3@PEAV43@@Z 0000000180060aec     scheduler.obj
 0004:00003af8       $pdata$?release_task_pool@generic_scheduler@internal@tbb@@QEBAXXZ 0000000180060af8     scheduler.obj
 0004:00003b04       $pdata$?acquire_task_pool@generic_scheduler@internal@tbb@@QEBAXXZ 0000000180060b04     scheduler.obj
 0004:00003b10       $pdata$2$?acquire_task_pool@generic_scheduler@internal@tbb@@QEBAXXZ 0000000180060b10     scheduler.obj
 0004:00003b1c       $pdata$3$?acquire_task_pool@generic_scheduler@internal@tbb@@QEBAXXZ 0000000180060b1c     scheduler.obj
 0004:00003b28       $pdata$?prepare_task_pool@generic_scheduler@internal@tbb@@QEAA_K_K@Z 0000000180060b28     scheduler.obj
 0004:00003b34       $pdata$3$?prepare_task_pool@generic_scheduler@internal@tbb@@QEAA_K_K@Z 0000000180060b34     scheduler.obj
 0004:00003b40       $pdata$4$?prepare_task_pool@generic_scheduler@internal@tbb@@QEAA_K_K@Z 0000000180060b40     scheduler.obj
 0004:00003b4c       $pdata$5$?prepare_task_pool@generic_scheduler@internal@tbb@@QEAA_K_K@Z 0000000180060b4c     scheduler.obj
 0004:00003b58       $pdata$6$?prepare_task_pool@generic_scheduler@internal@tbb@@QEAA_K_K@Z 0000000180060b58     scheduler.obj
 0004:00003b64       $pdata$7$?prepare_task_pool@generic_scheduler@internal@tbb@@QEAA_K_K@Z 0000000180060b64     scheduler.obj
 0004:00003b70       $pdata$?free_scheduler@generic_scheduler@internal@tbb@@QEAAXXZ 0000000180060b70     scheduler.obj
 0004:00003b7c       $pdata$0$?free_scheduler@generic_scheduler@internal@tbb@@QEAAXXZ 0000000180060b7c     scheduler.obj
 0004:00003b88       $pdata$3$?free_scheduler@generic_scheduler@internal@tbb@@QEAAXXZ 0000000180060b88     scheduler.obj
 0004:00003b94       $pdata$4$?free_scheduler@generic_scheduler@internal@tbb@@QEAAXXZ 0000000180060b94     scheduler.obj
 0004:00003ba0       $pdata$5$?free_scheduler@generic_scheduler@internal@tbb@@QEAAXXZ 0000000180060ba0     scheduler.obj
 0004:00003bac       $pdata$6$?free_scheduler@generic_scheduler@internal@tbb@@QEAAXXZ 0000000180060bac     scheduler.obj
 0004:00003bb8       $pdata$??0generic_scheduler@internal@tbb@@IEAA@AEAVmarket@12@@Z 0000000180060bb8     scheduler.obj
 0004:00003bc4       $pdata$??__Ethe_dummy_context@internal@tbb@@YAXXZ 0000000180060bc4     scheduler.obj
 0004:00003bd0       $pdata$?allocate_task_pool@arena_slot@internal@tbb@@QEAAX_K@Z 0000000180060bd0     scheduler.obj
 0004:00003bdc       $pdata$?cleanup_master@generic_scheduler@internal@tbb@@QEAA_N_N@Z 0000000180060bdc     scheduler.obj
 0004:00003be8       $pdata$?create_master@generic_scheduler@internal@tbb@@SAPEAV123@PEAVarena@23@@Z 0000000180060be8     scheduler.obj
 0004:00003bf4       $pdata$?free_nonlocal_small_task@generic_scheduler@internal@tbb@@QEAAXAEAVtask@3@@Z 0000000180060bf4     scheduler.obj
 0004:00003c00       $pdata$?allocate_task@generic_scheduler@internal@tbb@@QEAAAEAVtask@3@_KPEAV43@PEAVtask_group_context@3@@Z 0000000180060c00     scheduler.obj
 0004:00003c0c       $pdata$?local_spawn@generic_scheduler@internal@tbb@@QEAAXPEAVtask@3@AEAPEAV43@@Z 0000000180060c0c     scheduler.obj
 0004:00003c18       $pdata$?observe@task_scheduler_observer_v3@internal@tbb@@QEAAX_N@Z 0000000180060c18     observer_proxy.obj
 0004:00003c24       $pdata$0$?observe@task_scheduler_observer_v3@internal@tbb@@QEAAX_N@Z 0000000180060c24     observer_proxy.obj
 0004:00003c30       $pdata$1$?observe@task_scheduler_observer_v3@internal@tbb@@QEAAX_N@Z 0000000180060c30     observer_proxy.obj
 0004:00003c3c       $pdata$?remove_ref@observer_list@internal@tbb@@QEAAXPEAVobserver_proxy@23@@Z 0000000180060c3c     observer_proxy.obj
 0004:00003c48       $pdata$?insert@observer_list@internal@tbb@@QEAAXPEAVobserver_proxy@23@@Z 0000000180060c48     observer_proxy.obj
 0004:00003c54       $pdata$?do_notify_exit_observers@observer_list@internal@tbb@@AEAAXPEAVobserver_proxy@23@_N@Z 0000000180060c54     observer_proxy.obj
 0004:00003c60       $pdata$?internal_destroy@global_control@interface9@tbb@@AEAAXXZ 0000000180060c60     tbb_main.obj
 0004:00003c6c       $pdata$?internal_create@global_control@interface9@tbb@@AEAAXXZ 0000000180060c6c     tbb_main.obj
 0004:00003c78       $pdata$?active_value@allowed_parallelism_control@internal@tbb@@EEBA_KXZ 0000000180060c78     tbb_main.obj
 0004:00003c84       $pdata$1$?active_value@allowed_parallelism_control@internal@tbb@@EEBA_KXZ 0000000180060c84     tbb_main.obj
 0004:00003c90       $pdata$2$?active_value@allowed_parallelism_control@internal@tbb@@EEBA_KXZ 0000000180060c90     tbb_main.obj
 0004:00003c9c       $pdata$?default_value@allowed_parallelism_control@internal@tbb@@EEBA_KXZ 0000000180060c9c     tbb_main.obj
 0004:00003ca8       $pdata$?itt_region_end_v9@internal@tbb@@YAXW4itt_domain_enum@12@PEAX_K@Z 0000000180060ca8     tbb_main.obj
 0004:00003cb4       $pdata$?itt_region_begin_v9@internal@tbb@@YAXW4itt_domain_enum@12@PEAX_K12W4string_index@12@@Z 0000000180060cb4     tbb_main.obj
 0004:00003cc0       $pdata$?itt_relation_add_v7@internal@tbb@@YAXW4itt_domain_enum@12@PEAX_KW4itt_relation@12@12@Z 0000000180060cc0     tbb_main.obj
 0004:00003ccc       $pdata$?itt_metadata_str_add_v7@internal@tbb@@YAXW4itt_domain_enum@12@PEAX_KW4string_index@12@PEBD@Z 0000000180060ccc     tbb_main.obj
 0004:00003cd8       $pdata$?itt_load_pointer_with_acquire_v3@internal@tbb@@YAPEAXPEBX@Z 0000000180060cd8     tbb_main.obj
 0004:00003ce4       $pdata$?itt_store_pointer_with_release_v3@internal@tbb@@YAXPEAX0@Z 0000000180060ce4     tbb_main.obj
 0004:00003cf0       $pdata$DllMain             0000000180060cf0     tbb_main.obj
 0004:00003cfc       $pdata$?ITT_DoUnsafeOneTimeInitialization@internal@tbb@@YAXXZ 0000000180060cfc     tbb_main.obj
 0004:00003d08       $pdata$1$?ITT_DoUnsafeOneTimeInitialization@internal@tbb@@YAXXZ 0000000180060d08     tbb_main.obj
 0004:00003d14       $pdata$2$?ITT_DoUnsafeOneTimeInitialization@internal@tbb@@YAXXZ 0000000180060d14     tbb_main.obj
 0004:00003d20       $pdata$?itt_task_end_v7@internal@tbb@@YAXW4itt_domain_enum@12@@Z 0000000180060d20     tbb_main.obj
 0004:00003d2c       $pdata$?itt_task_begin_v7@internal@tbb@@YAXW4itt_domain_enum@12@PEAX_K12W4string_index@12@@Z 0000000180060d2c     tbb_main.obj
 0004:00003d38       $pdata$?remove_ref@__TBB_InitOnce@internal@tbb@@SAXXZ 0000000180060d38     tbb_main.obj
 0004:00003d44       $pdata$1$?remove_ref@__TBB_InitOnce@internal@tbb@@SAXXZ 0000000180060d44     tbb_main.obj
 0004:00003d50       $pdata$2$?remove_ref@__TBB_InitOnce@internal@tbb@@SAXXZ 0000000180060d50     tbb_main.obj
 0004:00003d5c       $pdata$3$?remove_ref@__TBB_InitOnce@internal@tbb@@SAXXZ 0000000180060d5c     tbb_main.obj
 0004:00003d68       $pdata$4$?remove_ref@__TBB_InitOnce@internal@tbb@@SAXXZ 0000000180060d68     tbb_main.obj
 0004:00003d74       $pdata$?add_ref@__TBB_InitOnce@internal@tbb@@SAXXZ 0000000180060d74     tbb_main.obj
 0004:00003d80       $pdata$0$?add_ref@__TBB_InitOnce@internal@tbb@@SAXXZ 0000000180060d80     tbb_main.obj
 0004:00003d8c       $pdata$1$?add_ref@__TBB_InitOnce@internal@tbb@@SAXXZ 0000000180060d8c     tbb_main.obj
 0004:00003d98       $pdata$?DoOneTimeInitializations@internal@tbb@@YAXXZ 0000000180060d98     tbb_main.obj
 0004:00003da4       $pdata$0$?DoOneTimeInitializations@internal@tbb@@YAXXZ 0000000180060da4     tbb_main.obj
 0004:00003db0       $pdata$1$?DoOneTimeInitializations@internal@tbb@@YAXXZ 0000000180060db0     tbb_main.obj
 0004:00003dbc       $pdata$?itt_make_task_group_v7@internal@tbb@@YAXW4itt_domain_enum@12@PEAX_K12W4string_index@12@@Z 0000000180060dbc     tbb_main.obj
 0004:00003dc8       $pdata$?active_value@global_control@interface9@tbb@@CA_KH@Z 0000000180060dc8     tbb_main.obj
 0004:00003dd4       $pdata$ITT_DoOneTimeInitialization 0000000180060dd4     tbb_main.obj
 0004:00003de0       $pdata$1$ITT_DoOneTimeInitialization 0000000180060de0     tbb_main.obj
 0004:00003dec       $pdata$2$ITT_DoOneTimeInitialization 0000000180060dec     tbb_main.obj
 0004:00003df8       $pdata$?internal_clear@concurrent_vector_base@internal@tbb@@IEAAXP6AXPEAX_K@Z_N@Z 0000000180060df8     concurrent_vector_v2.obj
 0004:00003e04       $pdata$0$?internal_clear@concurrent_vector_base@internal@tbb@@IEAAXP6AXPEAX_K@Z_N@Z 0000000180060e04     concurrent_vector_v2.obj
 0004:00003e10       $pdata$1$?internal_clear@concurrent_vector_base@internal@tbb@@IEAAXP6AXPEAX_K@Z_N@Z 0000000180060e10     concurrent_vector_v2.obj
 0004:00003e1c       $pdata$2$?internal_clear@concurrent_vector_base@internal@tbb@@IEAAXP6AXPEAX_K@Z_N@Z 0000000180060e1c     concurrent_vector_v2.obj
 0004:00003e28       $pdata$3$?internal_clear@concurrent_vector_base@internal@tbb@@IEAAXP6AXPEAX_K@Z_N@Z 0000000180060e28     concurrent_vector_v2.obj
 0004:00003e34       $pdata$?internal_grow@concurrent_vector_base@internal@tbb@@IEAAX_K00P6AXPEAX0@Z@Z 0000000180060e34     concurrent_vector_v2.obj
 0004:00003e40       $pdata$?internal_grow_by@concurrent_vector_base@internal@tbb@@IEAA_K_K0P6AXPEAX0@Z@Z 0000000180060e40     concurrent_vector_v2.obj
 0004:00003e4c       $pdata$?internal_push_back@concurrent_vector_base@internal@tbb@@IEAAPEAX_KAEA_K@Z 0000000180060e4c     concurrent_vector_v2.obj
 0004:00003e58       $pdata$?internal_assign@concurrent_vector_base@internal@tbb@@IEAAXAEBV123@_KP6AXPEAX1@ZP6AX2PEBX1@Z5@Z 0000000180060e58     concurrent_vector_v2.obj
 0004:00003e64       $pdata$1$?internal_assign@concurrent_vector_base@internal@tbb@@IEAAXAEBV123@_KP6AXPEAX1@ZP6AX2PEBX1@Z5@Z 0000000180060e64     concurrent_vector_v2.obj
 0004:00003e70       $pdata$2$?internal_assign@concurrent_vector_base@internal@tbb@@IEAAXAEBV123@_KP6AXPEAX1@ZP6AX2PEBX1@Z5@Z 0000000180060e70     concurrent_vector_v2.obj
 0004:00003e7c       $pdata$?internal_copy@concurrent_vector_base@internal@tbb@@IEAAXAEBV123@_KP6AXPEAXPEBX1@Z@Z 0000000180060e7c     concurrent_vector_v2.obj
 0004:00003e88       $pdata$1$?internal_copy@concurrent_vector_base@internal@tbb@@IEAAXAEBV123@_KP6AXPEAXPEBX1@Z@Z 0000000180060e88     concurrent_vector_v2.obj
 0004:00003e94       $pdata$4$?internal_copy@concurrent_vector_base@internal@tbb@@IEAAXAEBV123@_KP6AXPEAXPEBX1@Z@Z 0000000180060e94     concurrent_vector_v2.obj
 0004:00003ea0       $pdata$5$?internal_copy@concurrent_vector_base@internal@tbb@@IEAAXAEBV123@_KP6AXPEAXPEBX1@Z@Z 0000000180060ea0     concurrent_vector_v2.obj
 0004:00003eac       $pdata$6$?internal_copy@concurrent_vector_base@internal@tbb@@IEAAXAEBV123@_KP6AXPEAXPEBX1@Z@Z 0000000180060eac     concurrent_vector_v2.obj
 0004:00003eb8       $pdata$?internal_reserve@concurrent_vector_base@internal@tbb@@IEAAX_K00@Z 0000000180060eb8     concurrent_vector_v2.obj
 0004:00003ec4       $pdata$2$?internal_reserve@concurrent_vector_base@internal@tbb@@IEAAX_K00@Z 0000000180060ec4     concurrent_vector_v2.obj
 0004:00003ed0       $pdata$4$?internal_reserve@concurrent_vector_base@internal@tbb@@IEAAX_K00@Z 0000000180060ed0     concurrent_vector_v2.obj
 0004:00003edc       $pdata$5$?internal_reserve@concurrent_vector_base@internal@tbb@@IEAAX_K00@Z 0000000180060edc     concurrent_vector_v2.obj
 0004:00003ee8       $pdata$6$?internal_reserve@concurrent_vector_base@internal@tbb@@IEAAX_K00@Z 0000000180060ee8     concurrent_vector_v2.obj
 0004:00003ef4       $pdata$?extend_segment_if_necessary@helper@concurrent_vector_base@internal@tbb@@SAXAEAV234@_K@Z 0000000180060ef4     concurrent_vector_v2.obj
 0004:00003f00       $pdata$0$?extend_segment_if_necessary@helper@concurrent_vector_base@internal@tbb@@SAXAEAV234@_K@Z 0000000180060f00     concurrent_vector_v2.obj
 0004:00003f0c       $pdata$2$?extend_segment_if_necessary@helper@concurrent_vector_base@internal@tbb@@SAXAEAV234@_K@Z 0000000180060f0c     concurrent_vector_v2.obj
 0004:00003f18       $pdata$3$?extend_segment_if_necessary@helper@concurrent_vector_base@internal@tbb@@SAXAEAV234@_K@Z 0000000180060f18     concurrent_vector_v2.obj
 0004:00003f24       $pdata$4$?extend_segment_if_necessary@helper@concurrent_vector_base@internal@tbb@@SAXAEAV234@_K@Z 0000000180060f24     concurrent_vector_v2.obj
 0004:00003f30       $pdata$5$?extend_segment_if_necessary@helper@concurrent_vector_base@internal@tbb@@SAXAEAV234@_K@Z 0000000180060f30     concurrent_vector_v2.obj
 0004:00003f3c       $pdata$?internal_grow_to_at_least@concurrent_vector_base@internal@tbb@@IEAAX_K0P6AXPEAX0@Z@Z 0000000180060f3c     concurrent_vector_v2.obj
 0004:00003f48       $pdata$??1concurrent_queue_iterator_base@internal@tbb@@IEAA@XZ 0000000180060f48     concurrent_queue_v2.obj
 0004:00003f54       $pdata$?assign@concurrent_queue_iterator_base@internal@tbb@@IEAAXAEBV123@@Z 0000000180060f54     concurrent_queue_v2.obj
 0004:00003f60       $pdata$??0concurrent_queue_iterator_base@internal@tbb@@IEAA@AEBVconcurrent_queue_base@12@@Z 0000000180060f60     concurrent_queue_v2.obj
 0004:00003f6c       $pdata$?internal_push_if_not_full@concurrent_queue_base@internal@tbb@@IEAA_NPEBX@Z 0000000180060f6c     concurrent_queue_v2.obj
 0004:00003f78       $pdata$?internal_pop_if_present@concurrent_queue_base@internal@tbb@@IEAA_NPEAX@Z 0000000180060f78     concurrent_queue_v2.obj
 0004:00003f84       $pdata$?internal_pop@concurrent_queue_base@internal@tbb@@IEAAXPEAX@Z 0000000180060f84     concurrent_queue_v2.obj
 0004:00003f90       $pdata$?internal_push@concurrent_queue_base@internal@tbb@@IEAAXPEBX@Z 0000000180060f90     concurrent_queue_v2.obj
 0004:00003f9c       $pdata$??1concurrent_queue_base@internal@tbb@@MEAA@XZ 0000000180060f9c     concurrent_queue_v2.obj
 0004:00003fa8       $pdata$??_Gconcurrent_queue_base@internal@tbb@@MEAAPEAXI@Z 0000000180060fa8     concurrent_queue_v2.obj
 0004:00003fb4       $pdata$??0concurrent_queue_base@internal@tbb@@IEAA@_K@Z 0000000180060fb4     concurrent_queue_v2.obj
 0004:00003fc0       $pdata$?pop@micro_queue@internal@tbb@@QEAA_NPEAX_KAEAVconcurrent_queue_base@23@@Z 0000000180060fc0     concurrent_queue_v2.obj
 0004:00003fcc       $pdata$?push@micro_queue@internal@tbb@@QEAAXPEBX_KAEAVconcurrent_queue_base@23@@Z 0000000180060fcc     concurrent_queue_v2.obj
 0004:00003fd8       $pdata$??1pop_finalizer@micro_queue@internal@tbb@@QEAA@XZ 0000000180060fd8     concurrent_queue_v2.obj
 0004:00003fe4       $pdata$0$??1pop_finalizer@micro_queue@internal@tbb@@QEAA@XZ 0000000180060fe4     concurrent_queue_v2.obj
 0004:00003ff0       $pdata$3$??1pop_finalizer@micro_queue@internal@tbb@@QEAA@XZ 0000000180060ff0     concurrent_queue_v2.obj
 0004:00003ffc       $pdata$4$??1pop_finalizer@micro_queue@internal@tbb@@QEAA@XZ 0000000180060ffc     concurrent_queue_v2.obj
 0004:00004008       $pdata$5$??1pop_finalizer@micro_queue@internal@tbb@@QEAA@XZ 0000000180061008     concurrent_queue_v2.obj
 0004:00004014       $pdata$6$??1pop_finalizer@micro_queue@internal@tbb@@QEAA@XZ 0000000180061014     concurrent_queue_v2.obj
 0004:00004020       $pdata$?internal_try_acquire_reader@spin_rw_mutex@tbb@@CA_NPEAV12@@Z 0000000180061020     spin_rw_mutex_v2.obj
 0004:0000402c       $pdata$?internal_downgrade@spin_rw_mutex@tbb@@CAXPEAV12@@Z 000000018006102c     spin_rw_mutex_v2.obj
 0004:00004038       $pdata$?internal_upgrade@spin_rw_mutex@tbb@@CA_NPEAV12@@Z 0000000180061038     spin_rw_mutex_v2.obj
 0004:00004044       $pdata$?internal_acquire_reader@spin_rw_mutex@tbb@@CAXPEAV12@@Z 0000000180061044     spin_rw_mutex_v2.obj
 0004:00004050       $pdata$?internal_release_writer@spin_rw_mutex@tbb@@CAXPEAV12@@Z 0000000180061050     spin_rw_mutex_v2.obj
 0004:0000405c       $pdata$?destroy@task@tbb@@QEAAXAEAV12@@Z 000000018006105c     task_v2.obj
 0005:000000a0       $R000000                   00000001800620a0     tbb_resource.res
 0005:00000480       $R0003E0                   0000000180062480     tbb_resource.res
